Component: ARM Compiler 6.16 Tool: armlink [5dfeaa00]

==============================================================================

Section Cross References

    system_stm32l1xx.o(.ARM.exidx.text.SystemInit) refers to system_stm32l1xx.o(.text.SystemInit) for [Anonymous Symbol]
    system_stm32l1xx.o(.text.SystemCoreClockUpdate) refers to system_stm32l1xx.o(.rodata.PLLMulTable) for PLLMulTable
    system_stm32l1xx.o(.text.SystemCoreClockUpdate) refers to system_stm32l1xx.o(.data.SystemCoreClock) for SystemCoreClock
    system_stm32l1xx.o(.text.SystemCoreClockUpdate) refers to system_stm32l1xx.o(.rodata.AHBPrescTable) for AHBPrescTable
    system_stm32l1xx.o(.ARM.exidx.text.SystemCoreClockUpdate) refers to system_stm32l1xx.o(.text.SystemCoreClockUpdate) for [Anonymous Symbol]
    startup_stm32l152xb.o(STACK) refers (Special) to heapauxi.o(.text) for __use_two_region_memory
    startup_stm32l152xb.o(HEAP) refers (Special) to heapauxi.o(.text) for __use_two_region_memory
    startup_stm32l152xb.o(RESET) refers (Special) to heapauxi.o(.text) for __use_two_region_memory
    startup_stm32l152xb.o(RESET) refers to startup_stm32l152xb.o(STACK) for __initial_sp
    startup_stm32l152xb.o(RESET) refers to startup_stm32l152xb.o(.text) for Reset_Handler
    startup_stm32l152xb.o(.text) refers (Special) to heapauxi.o(.text) for __use_two_region_memory
    startup_stm32l152xb.o(.text) refers to system_stm32l1xx.o(.text.SystemInit) for SystemInit
    startup_stm32l152xb.o(.text) refers to __main.o(!!!main) for __main
    startup_stm32l152xb.o(.text) refers to startup_stm32l152xb.o(HEAP) for Heap_Mem
    startup_stm32l152xb.o(.text) refers to startup_stm32l152xb.o(STACK) for Stack_Mem
    main.o(.text) refers (Special) to _printf_c.o(.ARM.Collect$$_printf_percent$$00000013) for _printf_c
    main.o(.text) refers (Special) to _printf_d.o(.ARM.Collect$$_printf_percent$$00000009) for _printf_d
    main.o(.text) refers (Special) to _printf_i.o(.ARM.Collect$$_printf_percent$$00000008) for _printf_i
    main.o(.text) refers (Special) to _printf_dec.o(.text) for _printf_int_dec
    main.o(.text) refers (Special) to _printf_lc.o(.ARM.Collect$$_printf_percent$$00000015) for _printf_lc
    main.o(.text) refers (Special) to _printf_hex_int.o(.text) for _printf_longlong_hex
    main.o(.text) refers (Special) to _printf_oct_int.o(.text) for _printf_longlong_oct
    main.o(.text) refers (Special) to _printf_o.o(.ARM.Collect$$_printf_percent$$0000000B) for _printf_o
    main.o(.text) refers (Special) to _printf_percent.o(.ARM.Collect$$_printf_percent$$00000000) for _printf_percent
    main.o(.text) refers (Special) to _printf_pad.o(.text) for _printf_pre_padding
    main.o(.text) refers (Special) to _printf_str.o(.text) for _printf_str
    main.o(.text) refers (Special) to _printf_truncate.o(.text) for _printf_truncate_signed
    main.o(.text) refers (Special) to _printf_u.o(.ARM.Collect$$_printf_percent$$0000000A) for _printf_u
    main.o(.text) refers (Special) to _printf_wctomb.o(.text) for _printf_wctomb
    main.o(.text) refers (Special) to _printf_x.o(.ARM.Collect$$_printf_percent$$0000000C) for _printf_x
    main.o(.text.main) refers (Special) to _printf_c.o(.ARM.Collect$$_printf_percent$$00000013) for _printf_c
    main.o(.text.main) refers (Special) to _printf_d.o(.ARM.Collect$$_printf_percent$$00000009) for _printf_d
    main.o(.text.main) refers (Special) to _printf_i.o(.ARM.Collect$$_printf_percent$$00000008) for _printf_i
    main.o(.text.main) refers (Special) to _printf_dec.o(.text) for _printf_int_dec
    main.o(.text.main) refers (Special) to _printf_lc.o(.ARM.Collect$$_printf_percent$$00000015) for _printf_lc
    main.o(.text.main) refers (Special) to _printf_hex_int.o(.text) for _printf_longlong_hex
    main.o(.text.main) refers (Special) to _printf_oct_int.o(.text) for _printf_longlong_oct
    main.o(.text.main) refers (Special) to _printf_o.o(.ARM.Collect$$_printf_percent$$0000000B) for _printf_o
    main.o(.text.main) refers (Special) to _printf_percent.o(.ARM.Collect$$_printf_percent$$00000000) for _printf_percent
    main.o(.text.main) refers (Special) to _printf_pad.o(.text) for _printf_pre_padding
    main.o(.text.main) refers (Special) to _printf_str.o(.text) for _printf_str
    main.o(.text.main) refers (Special) to _printf_truncate.o(.text) for _printf_truncate_signed
    main.o(.text.main) refers (Special) to _printf_u.o(.ARM.Collect$$_printf_percent$$0000000A) for _printf_u
    main.o(.text.main) refers (Special) to _printf_wctomb.o(.text) for _printf_wctomb
    main.o(.text.main) refers (Special) to _printf_x.o(.ARM.Collect$$_printf_percent$$0000000C) for _printf_x
    main.o(.text.main) refers to main.o(.text.SystemClock_Config) for SystemClock_Config
    main.o(.text.main) refers to stm32l152_glass_lcd.o(.text.LCD_GLASS_Init) for LCD_GLASS_Init
    main.o(.text.main) refers to main.o(.text.TIMBase_Config) for TIMBase_Config
[...]
    sys_command_hlt.o(.text) refers (Special) to indicate_semi.o(.text) for __semihosting_library_function
    defsig_rtmem_outer.o(.text) refers to defsig_rtmem_inner.o(.text) for __rt_SIGRTMEM_inner
    defsig_rtmem_outer.o(.text) refers to defsig_exit.o(.text) for __sig_exit
    defsig_rtmem_formal.o(.text) refers to rt_raise.o(.text) for __rt_raise
    rt_raise.o(.text) refers to __raise.o(.text) for __raise
    rt_raise.o(.text) refers to sys_exit.o(.text) for _sys_exit
    defsig_exit.o(.text) refers to sys_exit.o(.text) for _sys_exit
    defsig_rtmem_inner.o(.text) refers to defsig_general.o(.text) for __default_signal_display
    __raise.o(.text) refers to defsig.o(CL$$defsig) for __default_signal_handler
    defsig_general.o(.text) refers to sys_wrch.o(.text) for _ttywrch
    sys_wrch.o(.text) refers (Special) to use_no_semi.o(.text) for __I$use$semihosting
    sys_wrch.o(.text) refers (Special) to indicate_semi.o(.text) for __semihosting_library_function
    sys_wrch_hlt.o(.text) refers (Special) to use_no_semi.o(.text) for __I$use$semihosting
    sys_wrch_hlt.o(.text) refers (Special) to indicate_semi.o(.text) for __semihosting_library_function
    defsig.o(CL$$defsig) refers to defsig_rtmem_inner.o(.text) for __rt_SIGRTMEM_inner
    defsig_abrt_inner.o(.text) refers to defsig_general.o(.text) for __default_signal_display
    defsig_fpe_inner.o(.text) refers to defsig_general.o(.text) for __default_signal_display
    defsig_rtred_inner.o(.text) refers to defsig_general.o(.text) for __default_signal_display
    defsig_stak_inner.o(.text) refers to defsig_general.o(.text) for __default_signal_display
    defsig_pvfn_inner.o(.text) refers to defsig_general.o(.text) for __default_signal_display
    defsig_cppl_inner.o(.text) refers to defsig_general.o(.text) for __default_signal_display
    defsig_segv_inner.o(.text) refers to defsig_general.o(.text) for __default_signal_display
    defsig_other.o(.text) refers to defsig_general.o(.text) for __default_signal_display


==============================================================================

Removing Unused input sections from the image.

    Removing system_stm32l1xx.o(.text), (0 bytes).
    Removing system_stm32l1xx.o(.ARM.exidx.text.SystemInit), (8 bytes).
    Removing system_stm32l1xx.o(.text.SystemCoreClockUpdate), (108 bytes).
    Removing system_stm32l1xx.o(.ARM.exidx.text.SystemCoreClockUpdate), (8 bytes).
    Removing system_stm32l1xx.o(.rodata.PLLMulTable), (9 bytes).
    Removing system_stm32l1xx.o(.rodata.AHBPrescTable), (16 bytes).
    Removing system_stm32l1xx.o(.rodata.APBPrescTable), (8 bytes).
    Removing main.o(.text), (0 bytes).
    Removing main.o(.ARM.exidx.text.main), (8 bytes).
    Removing main.o(.ARM.exidx.text.SystemClock_Config), (8 bytes).
    Removing main.o(.ARM.exidx.text.TIMBase_Config), (8 bytes).
    Removing main.o(.ARM.exidx.text.TIMBase_Config2), (8 bytes).
    Removing main.o(.ARM.exidx.text.GPIO_Config), (8 bytes).
    Removing main.o(.ARM.exidx.text.Display_Button), (8 bytes).
    Removing main.o(.ARM.exidx.text.LL_AHB1_GRP1_EnableClock), (8 bytes).
    Removing main.o(.ARM.exidx.text.LL_APB1_GRP1_EnableClock), (8 bytes).
    Removing main.o(.ARM.exidx.text.OUTLINED_FUNCTION_0), (8 bytes).
    Removing main.o(.ARM.exidx.text.OUTLINED_FUNCTION_1), (8 bytes).
    Removing main.o(.ARM.use_no_argv), (4 bytes).
    Removing stm32l152_glass_lcd.o(.text), (0 bytes).
    Removing stm32l152_glass_lcd.o(.ARM.exidx.text.LCD_GLASS_Init), (8 bytes).
    Removing stm32l152_glass_lcd.o(.ARM.exidx.text.LCD_GLASS_Clear), (8 bytes).
    Removing stm32l152_glass_lcd.o(.text.LCD_GLASS_BlinkConfig), (24 bytes).
    Removing stm32l152_glass_lcd.o(.ARM.exidx.text.LCD_GLASS_BlinkConfig), (8 bytes).
    Removing stm32l152_glass_lcd.o(.text.LCD_GLASS_Contrast), (20 bytes).
    Removing stm32l152_glass_lcd.o(.ARM.exidx.text.LCD_GLASS_Contrast), (8 bytes).
    Removing stm32l152_glass_lcd.o(.text.LCD_GLASS_DisplayBar), (84 bytes).
    Removing stm32l152_glass_lcd.o(.ARM.exidx.text.LCD_GLASS_DisplayBar), (8 bytes).
    Removing stm32l152_glass_lcd.o(.text.LCD_GLASS_ClearBar), (78 bytes).
    Removing stm32l152_glass_lcd.o(.ARM.exidx.text.LCD_GLASS_ClearBar), (8 bytes).
    Removing stm32l152_glass_lcd.o(.text.LCD_GLASS_BarLevelConfig), (96 bytes).
    Removing stm32l152_glass_lcd.o(.ARM.exidx.text.LCD_GLASS_BarLevelConfig), (8 bytes).
    Removing stm32l152_glass_lcd.o(.text.LCD_GLASS_WriteChar), (4 bytes).
    Removing stm32l152_glass_lcd.o(.ARM.exidx.text.LCD_GLASS_WriteChar), (8 bytes).
    Removing stm32l152_glass_lcd.o(.ARM.exidx.text.LCD_GLASS_DisplayChar), (8 bytes).
    Removing stm32l152_glass_lcd.o(.ARM.exidx.text.LCD_GLASS_DisplayString), (8 bytes).
    Removing stm32l152_glass_lcd.o(.text.LCD_GLASS_DisplayStrDeci), (68 bytes).
    Removing stm32l152_glass_lcd.o(.ARM.exidx.text.LCD_GLASS_DisplayStrDeci), (8 bytes).
    Removing stm32l152_glass_lcd.o(.text.LCD_GLASS_ScrollSentence), (168 bytes).
    Removing stm32l152_glass_lcd.o(.ARM.exidx.text.LCD_GLASS_ScrollSentence), (8 bytes).
    Removing stm32l152_glass_lcd.o(.ARM.exidx.text.LL_APB1_GRP1_EnableClock), (8 bytes).
    Removing stm32l152_glass_lcd.o(.ARM.exidx.text.LL_AHB1_GRP1_EnableClock), (8 bytes).
    Removing stm32l152_glass_lcd.o(.ARM.exidx.text.OUTLINED_FUNCTION_0), (8 bytes).
    Removing stm32l152_glass_lcd.o(.ARM.exidx.text.OUTLINED_FUNCTION_1), (8 bytes).
    Removing stm32l152_glass_lcd.o(.ARM.exidx.text.OUTLINED_FUNCTION_2), (8 bytes).
    Removing stm32l152_glass_lcd.o(.ARM.exidx.text.OUTLINED_FUNCTION_3), (8 bytes).
    Removing stm32l152_glass_lcd.o(.text.OUTLINED_FUNCTION_4), (12 bytes).
    Removing stm32l152_glass_lcd.o(.ARM.exidx.text.OUTLINED_FUNCTION_4), (8 bytes).
    Removing stm32l152_glass_lcd.o(.ARM.exidx.text.OUTLINED_FUNCTION_5), (8 bytes).
    Removing stm32l152_glass_lcd.o(.ARM.exidx.text.OUTLINED_FUNCTION_6), (8 bytes).
    Removing stm32l152_glass_lcd.o(.ARM.exidx.text.OUTLINED_FUNCTION_7), (8 bytes).
    Removing stm32l152_glass_lcd.o(.ARM.exidx.text.OUTLINED_FUNCTION_8), (8 bytes).
    Removing stm32l152_glass_lcd.o(.ARM.exidx.text.OUTLINED_FUNCTION_9), (8 bytes).
    Removing stm32l152_glass_lcd.o(.bss.bLCDGlass_KeyPressed), (1 bytes).
    Removing stm32l152_glass_lcd.o(.data.LCDBar), (1 bytes).
    Removing stm32l1xx_ll_utils.o(.text), (0 bytes).
    Removing stm32l1xx_ll_utils.o(.ARM.exidx.text.LL_Init1msTick), (8 bytes).
    Removing stm32l1xx_ll_utils.o(.ARM.exidx.text.LL_mDelay), (8 bytes).
    Removing stm32l1xx_ll_utils.o(.ARM.exidx.text.LL_SetSystemCoreClock), (8 bytes).
    Removing stm32l1xx_ll_utils.o(.text.LL_PLL_ConfigSystemClock_HSI), (72 bytes).
    Removing stm32l1xx_ll_utils.o(.ARM.exidx.text.LL_PLL_ConfigSystemClock_HSI), (8 bytes).
    Removing stm32l1xx_ll_utils.o(.text.UTILS_GetPLLOutputFrequency), (52 bytes).
    Removing stm32l1xx_ll_utils.o(.ARM.exidx.text.UTILS_GetPLLOutputFrequency), (8 bytes).
    Removing stm32l1xx_ll_utils.o(.text.UTILS_EnablePLLAndSwitchSystem), (148 bytes).
    Removing stm32l1xx_ll_utils.o(.ARM.exidx.text.UTILS_EnablePLLAndSwitchSystem), (8 bytes).
    Removing stm32l1xx_ll_utils.o(.text.LL_PLL_ConfigSystemClock_HSE), (88 bytes).
    Removing stm32l1xx_ll_utils.o(.ARM.exidx.text.LL_PLL_ConfigSystemClock_HSE), (8 bytes).
    Removing stm32l1xx_ll_utils.o(.text.UTILS_SetFlashLatency), (112 bytes).
    Removing stm32l1xx_ll_utils.o(.ARM.exidx.text.UTILS_SetFlashLatency), (8 bytes).
    Removing stm32l1xx_ll_utils.o(.text.OUTLINED_FUNCTION_0), (14 bytes).
    Removing stm32l1xx_ll_utils.o(.ARM.exidx.text.OUTLINED_FUNCTION_0), (8 bytes).
    Removing stm32l1xx_ll_gpio.o(.text), (0 bytes).
    Removing stm32l1xx_ll_gpio.o(.text.LL_GPIO_DeInit), (104 bytes).
    Removing stm32l1xx_ll_gpio.o(.ARM.exidx.text.LL_GPIO_DeInit), (8 bytes).
    Removing stm32l1xx_ll_gpio.o(.ARM.exidx.text.LL_GPIO_Init), (8 bytes).
    Removing stm32l1xx_ll_gpio.o(.text.LL_GPIO_StructInit), (22 bytes).
    Removing stm32l1xx_ll_gpio.o(.ARM.exidx.text.LL_GPIO_StructInit), (8 bytes).
    Removing stm32l1xx_ll_rcc.o(.text), (0 bytes).
    Removing stm32l1xx_ll_rcc.o(.text.LL_RCC_DeInit), (104 bytes).
    Removing stm32l1xx_ll_rcc.o(.ARM.exidx.text.LL_RCC_DeInit), (8 bytes).
    Removing stm32l1xx_ll_rcc.o(.text.LL_RCC_GetSystemClocksFreq), (68 bytes).
    Removing stm32l1xx_ll_rcc.o(.ARM.exidx.text.LL_RCC_GetSystemClocksFreq), (8 bytes).
    Removing stm32l1xx_ll_rcc.o(.text.RCC_GetSystemClockFreq), (72 bytes).
    Removing stm32l1xx_ll_rcc.o(.ARM.exidx.text.RCC_GetSystemClockFreq), (8 bytes).
    Removing stm32l1xx_ll_rcc.o(.text.RCC_GetHCLKClockFreq), (24 bytes).
    Removing stm32l1xx_ll_rcc.o(.ARM.exidx.text.RCC_GetHCLKClockFreq), (8 bytes).
    Removing stm32l1xx_ll_rcc.o(.text.RCC_GetPCLK1ClockFreq), (24 bytes).
    Removing stm32l1xx_ll_rcc.o(.ARM.exidx.text.RCC_GetPCLK1ClockFreq), (8 bytes).
    Removing stm32l1xx_ll_rcc.o(.text.RCC_GetPCLK2ClockFreq), (24 bytes).
    Removing stm32l1xx_ll_rcc.o(.ARM.exidx.text.RCC_GetPCLK2ClockFreq), (8 bytes).
    Removing stm32l1xx_ll_rcc.o(.text.RCC_PLL_GetFreqDomain_SYS), (84 bytes).
    Removing stm32l1xx_ll_rcc.o(.ARM.exidx.text.RCC_PLL_GetFreqDomain_SYS), (8 bytes).
    Removing stm32l1xx_ll_pwr.o(.text), (0 bytes).
    Removing stm32l1xx_ll_pwr.o(.text.LL_PWR_DeInit), (28 bytes).
    Removing stm32l1xx_ll_pwr.o(.ARM.exidx.text.LL_PWR_DeInit), (8 bytes).
    Removing stm32l1xx_ll_lcd.o(.text), (0 bytes).
    Removing stm32l1xx_ll_lcd.o(.text.LL_LCD_DeInit), (28 bytes).
    Removing stm32l1xx_ll_lcd.o(.ARM.exidx.text.LL_LCD_DeInit), (8 bytes).
    Removing stm32l1xx_ll_lcd.o(.ARM.exidx.text.LCD_WaitForSynchro), (8 bytes).
    Removing stm32l1xx_ll_lcd.o(.ARM.exidx.text.LL_LCD_Init), (8 bytes).
    Removing stm32l1xx_ll_lcd.o(.ARM.exidx.text.LL_LCD_Write), (8 bytes).
    Removing stm32l1xx_ll_lcd.o(.ARM.exidx.text.LL_LCD_Clear), (8 bytes).
    Removing stm32l1xx_ll_lcd.o(.ARM.exidx.text.LL_LCD_UpdateDisplayRequest), (8 bytes).
    Removing stm32l1xx_ll_tim.o(.text), (0 bytes).
    Removing stm32l1xx_ll_tim.o(.text.LL_TIM_DeInit), (236 bytes).
    Removing stm32l1xx_ll_tim.o(.ARM.exidx.text.LL_TIM_DeInit), (8 bytes).
    Removing stm32l1xx_ll_tim.o(.text.LL_TIM_StructInit), (16 bytes).
    Removing stm32l1xx_ll_tim.o(.ARM.exidx.text.LL_TIM_StructInit), (8 bytes).
    Removing stm32l1xx_ll_tim.o(.ARM.exidx.text.LL_TIM_Init), (8 bytes).
    Removing stm32l1xx_ll_tim.o(.text.LL_TIM_OC_StructInit), (12 bytes).
    Removing stm32l1xx_ll_tim.o(.ARM.exidx.text.LL_TIM_OC_StructInit), (8 bytes).
    Removing stm32l1xx_ll_tim.o(.text.LL_TIM_OC_Init), (236 bytes).
    Removing stm32l1xx_ll_tim.o(.ARM.exidx.text.LL_TIM_OC_Init), (8 bytes).
    Removing stm32l1xx_ll_tim.o(.text.LL_TIM_IC_StructInit), (16 bytes).
    Removing stm32l1xx_ll_tim.o(.ARM.exidx.text.LL_TIM_IC_StructInit), (8 bytes).
    Removing stm32l1xx_ll_tim.o(.text.LL_TIM_IC_Init), (186 bytes).
    Removing stm32l1xx_ll_tim.o(.ARM.exidx.text.LL_TIM_IC_Init), (8 bytes).
    Removing stm32l1xx_ll_tim.o(.text.LL_TIM_ENCODER_StructInit), (28 bytes).
    Removing stm32l1xx_ll_tim.o(.ARM.exidx.text.LL_TIM_ENCODER_StructInit), (8 bytes).
    Removing stm32l1xx_ll_tim.o(.text.LL_TIM_ENCODER_Init), (92 bytes).
    Removing stm32l1xx_ll_tim.o(.ARM.exidx.text.LL_TIM_ENCODER_Init), (8 bytes).
    Removing stm32l1xx_ll_tim.o(.text.OUTLINED_FUNCTION_0), (18 bytes).
    Removing stm32l1xx_ll_tim.o(.ARM.exidx.text.OUTLINED_FUNCTION_0), (8 bytes).
    Removing stm32l1xx_ll_tim.o(.text.OUTLINED_FUNCTION_1), (18 bytes).
    Removing stm32l1xx_ll_tim.o(.ARM.exidx.text.OUTLINED_FUNCTION_1), (8 bytes).

125 unused section(s) (total 3211 bytes) removed from the image.

==============================================================================

Image Symbol Table

    Local Symbols

    Symbol Name                              Value     Ov Type        Size  Object(Section)

    ../clib/angel/boardlib.s                 0x00000000   Number         0  boardinit1.o ABSOLUTE
    ../clib/angel/boardlib.s                 0x00000000   Number         0  boardinit2.o ABSOLUTE
    ../clib/angel/boardlib.s                 0x00000000   Number         0  boardinit3.o ABSOLUTE
    ../clib/angel/boardlib.s                 0x00000000   Number         0  boardshut.o ABSOLUTE
    ../clib/angel/handlers.s                 0x00000000   Number         0  __scatter_copy.o ABSOLUTE
    ../clib/angel/handlers.s                 0x00000000   Number         0  __scatter_zi.o ABSOLUTE
    ../clib/angel/kernel.s                   0x00000000   Number         0  __rtentry.o ABSOLUTE
    ../clib/angel/kernel.s                   0x00000000   Number         0  __rtentry2.o ABSOLUTE
    ../clib/angel/kernel.s                   0x00000000   Number         0  __rtentry4.o ABSOLUTE
    ../clib/angel/kernel.s                   0x00000000   Number         0  rtexit.o ABSOLUTE
    ../clib/angel/kernel.s                   0x00000000   Number         0  rtexit2.o ABSOLUTE
    ../clib/angel/rt.s                       0x00000000   Number         0  rt_ctype_table.o ABSOLUTE
    ../clib/angel/rt.s                       0x00000000   Number         0  rt_locale.o ABSOLUTE
    ../clib/angel/rt.s                       0x00000000   Number         0  rt_locale_intlibspace.o ABSOLUTE
    ../clib/angel/rt.s                       0x00000000   Number         0  rt_raise.o ABSOLUTE
    ../clib/angel/scatter.s                  0x00000000   Number         0  __scatter.o ABSOLUTE
    ../clib/angel/startup.s                  0x00000000   Number         0  __main.o ABSOLUTE
    ../clib/angel/sys.s                      0x00000000   Number         0  sys_stackheap_outer.o ABSOLUTE
    ../clib/angel/sys.s                      0x00000000   Number         0  libspace.o ABSOLUTE
    ../clib/angel/sys.s                      0x00000000   Number         0  use_no_semi.o ABSOLUTE
    ../clib/angel/sys.s                      0x00000000   Number         0  indicate_semi.o ABSOLUTE
    ../clib/angel/sysapp.c                   0x00000000   Number         0  sys_exit.o ABSOLUTE
    ../clib/angel/sysapp.c                   0x00000000   Number         0  sys_exit_hlt.o ABSOLUTE
    ../clib/angel/sysapp.c                   0x00000000   Number         0  sys_command.o ABSOLUTE
    ../clib/angel/sysapp.c                   0x00000000   Number         0  sys_command_hlt.o ABSOLUTE
    ../clib/angel/sysapp.c                   0x00000000   Number         0  sys_wrch.o ABSOLUTE
    ../clib/angel/sysapp.c                   0x00000000   Number         0  sys_wrch_hlt.o ABSOLUTE
    ../clib/armsys.c                         0x00000000   Number         0  argv_veneer.o ABSOLUTE
    ../clib/armsys.c                         0x00000000   Number         0  argv_veneer.o ABSOLUTE
    ../clib/armsys.c                         0x00000000   Number         0  _get_argv_nomalloc.o ABSOLUTE
    ../clib/armsys.c                         0x00000000   Number         0  no_argv.o ABSOLUTE
    ../clib/heapalloc.c                      0x00000000   Number         0  hrguard.o ABSOLUTE
    ../clib/heapaux.c                        0x00000000   Number         0  heapauxi.o ABSOLUTE
    ../clib/libinit.s                        0x00000000   Number         0  libinit.o ABSOLUTE
    ../clib/libinit.s                        0x00000000   Number         0  libinit2.o ABSOLUTE
    ../clib/libinit.s                        0x00000000   Number         0  libshutdown.o ABSOLUTE
    ../clib/libinit.s                        0x00000000   Number         0  libshutdown2.o ABSOLUTE
    ../clib/locale.c                         0x00000000   Number         0  _c16rtomb.o ABSOLUTE
    ../clib/locale.s                         0x00000000   Number         0  lc_ctype_c.o ABSOLUTE
    ../clib/memcpset.s                       0x00000000   Number         0  strcmpv7m.o ABSOLUTE
    ../clib/misc.s                           0x00000000   Number         0  printf_stubs.o ABSOLUTE
    ../clib/printf.c                         0x00000000   Number         0  __2sprintf.o ABSOLUTE
    ../clib/printf.c                         0x00000000   Number         0  noretval__2sprintf.o ABSOLUTE
    ../clib/printf.c                         0x00000000   Number         0  __printf.o ABSOLUTE
    ../clib/printf.c                         0x00000000   Number         0  _printf_pad.o ABSOLUTE
    ../clib/printf.c                         0x00000000   Number         0  _printf_truncate.o ABSOLUTE
    ../clib/printf.c                         0x00000000   Number         0  _printf_str.o ABSOLUTE
    ../clib/printf.c                         0x00000000   Number         0  _printf_dec.o ABSOLUTE
    ../clib/printf.c                         0x00000000   Number         0  _printf_wctomb.o ABSOLUTE
    ../clib/printf.c                         0x00000000   Number         0  _printf_oct_ll.o ABSOLUTE
    ../clib/printf.c                         0x00000000   Number         0  _printf_oct_int.o ABSOLUTE
    ../clib/printf.c                         0x00000000   Number         0  _printf_oct_int_ll.o ABSOLUTE
    ../clib/printf.c                         0x00000000   Number         0  _printf_hex_ll.o ABSOLUTE
    ../clib/printf.c                         0x00000000   Number         0  _printf_hex_int.o ABSOLUTE
    ../clib/printf.c                         0x00000000   Number         0  _printf_hex_int_ll.o ABSOLUTE
    ../clib/printf.c                         0x00000000   Number         0  _printf_hex_ptr.o ABSOLUTE
    ../clib/printf.c                         0x00000000   Number         0  _printf_hex_int_ptr.o ABSOLUTE
    ../clib/printf.c                         0x00000000   Number         0  _printf_hex_ll_ptr.o ABSOLUTE
    ../clib/printf.c                         0x00000000   Number         0  _printf_hex_int_ll_ptr.o ABSOLUTE
    ../clib/printf.c                         0x00000000   Number         0  __printf_flags.o ABSOLUTE
    ../clib/printf.c                         0x00000000   Number         0  __printf_ss.o ABSOLUTE
    ../clib/printf.c                         0x00000000   Number         0  __printf_flags_ss.o ABSOLUTE
    ../clib/printf.c                         0x00000000   Number         0  __printf_wp.o ABSOLUTE
    ../clib/printf.c                         0x00000000   Number         0  __printf_flags_wp.o ABSOLUTE
    ../clib/printf.c                         0x00000000   Number         0  __printf_ss_wp.o ABSOLUTE
    ../clib/printf.c                         0x00000000   Number         0  __printf_flags_ss_wp.o ABSOLUTE
    ../clib/printf.c                         0x00000000   Number         0  _printf_intcommon.o ABSOLUTE
    ../clib/printf.c                         0x00000000   Number         0  _printf_char_common.o ABSOLUTE
    ../clib/printf.c                         0x00000000   Number         0  _sputc.o ABSOLUTE
    ../clib/printf.c                         0x00000000   Number         0  _printf_char.o ABSOLUTE
    ../clib/printf.c                         0x00000000   Number         0  _printf_wchar.o ABSOLUTE
    ../clib/printf.c                         0x00000000   Number         0  __printf_nopercent.o ABSOLUTE
    ../clib/printf_percent.s                 0x00000000   Number         0  _printf_c.o ABSOLUTE
    ../clib/printf_percent.s                 0x00000000   Number         0  _printf_x.o ABSOLUTE
    ../clib/printf_percent.s                 0x00000000   Number         0  _printf_o.o ABSOLUTE
    ../clib/printf_percent.s                 0x00000000   Number         0  _printf_i.o ABSOLUTE
    ../clib/printf_percent.s                 0x00000000   Number         0  _printf_d.o ABSOLUTE
    ../clib/printf_percent.s                 0x00000000   Number         0  _printf_u.o ABSOLUTE
    ../clib/printf_percent.s                 0x00000000   Number         0  _printf_percent.o ABSOLUTE
    ../clib/printf_percent.s                 0x00000000   Number         0  _printf_lc.o ABSOLUTE
    ../clib/printf_percent.s                 0x00000000   Number         0  _printf_percent_end.o ABSOLUTE
    ../clib/printf_percent.s                 0x00000000   Number         0  _printf_l.o ABSOLUTE
    ../clib/signal.c                         0x00000000   Number         0  defsig_rtmem_outer.o ABSOLUTE
    ../clib/signal.c                         0x00000000   Number         0  defsig_rtmem_formal.o ABSOLUTE
    ../clib/signal.c                         0x00000000   Number         0  defsig_exit.o ABSOLUTE
    ../clib/signal.c                         0x00000000   Number         0  defsig_rtmem_inner.o ABSOLUTE
    ../clib/signal.c                         0x00000000   Number         0  __raise.o ABSOLUTE
    ../clib/signal.c                         0x00000000   Number         0  defsig_general.o ABSOLUTE
    ../clib/signal.c                         0x00000000   Number         0  defsig_abrt_inner.o ABSOLUTE
    ../clib/signal.c                         0x00000000   Number         0  defsig_fpe_inner.o ABSOLUTE
    ../clib/signal.c                         0x00000000   Number         0  defsig_rtred_inner.o ABSOLUTE
    ../clib/signal.c                         0x00000000   Number         0  defsig_stak_inner.o ABSOLUTE
    ../clib/signal.c                         0x00000000   Number         0  defsig_pvfn_inner.o ABSOLUTE
    ../clib/signal.c                         0x00000000   Number         0  defsig_cppl_inner.o ABSOLUTE
    ../clib/signal.c                         0x00000000   Number         0  defsig_segv_inner.o ABSOLUTE
    ../clib/signal.c                         0x00000000   Number         0  defsig_other.o ABSOLUTE
    ../clib/signal.s                         0x00000000   Number         0  defsig.o ABSOLUTE
    ../clib/stdlib.c                         0x00000000   Number         0  exit.o ABSOLUTE
    ../fplib/fpinit.s                        0x00000000   Number         0  fpinit.o ABSOLUTE
    ../fplib/fpinit_empty.s                  0x00000000   Number         0  fpinit_empty.o ABSOLUTE
    ..\..\Drivers\CMSIS\Device\ST\STM32L1xx\Source\Templates\arm\startup_stm32l152xb.s 0x00000000   Number         0  startup_stm32l152xb.o ABSOLUTE
    dc.s                                     0x00000000   Number         0  dc.o ABSOLUTE
    main.c                                   0x00000000   Number         0  main.o ABSOLUTE
    stm32l152_glass_lcd.c                    0x00000000   Number         0  stm32l152_glass_lcd.o ABSOLUTE
    stm32l1xx_ll_gpio.c                      0x00000000   Number         0  stm32l1xx_ll_gpio.o ABSOLUTE
    stm32l1xx_ll_lcd.c                       0x00000000   Number         0  stm32l1xx_ll_lcd.o ABSOLUTE
    stm32l1xx_ll_pwr.c                       0x00000000   Number         0  stm32l1xx_ll_pwr.o ABSOLUTE
    stm32l1xx_ll_rcc.c                       0x00000000   Number         0  stm32l1xx_ll_rcc.o ABSOLUTE
    stm32l1xx_ll_tim.c                       0x00000000   Number         0  stm32l1xx_ll_tim.o ABSOLUTE
    stm32l1xx_ll_utils.c                     0x00000000   Number         0  stm32l1xx_ll_utils.o ABSOLUTE
    system_stm32l1xx.c                       0x00000000   Number         0  system_stm32l1xx.o ABSOLUTE
    RESET                                    0x08000000   Section      244  startup_stm32l152xb.o(RESET)
    !!!main                                  0x080000f4   Section        8  __main.o(!!!main)
    !!!scatter                               0x080000fc   Section       52  __scatter.o(!!!scatter)
    !!handler_copy                           0x08000130   Section       26  __scatter_copy.o(!!handler_copy)
    !!handler_zi                             0x0800014c   Section       28  __scatter_zi.o(!!handler_zi)
    .ARM.Collect$$_printf_percent$$00000000  0x08000168   Section        0  _printf_percent.o(.ARM.Collect$$_printf_percent$$00000000)
    .ARM.Collect$$_printf_percent$$00000008  0x08000168   Section        6  _printf_i.o(.ARM.Collect$$_printf_percent$$00000008)
    .ARM.Collect$$_printf_percent$$00000009  0x0800016e   Section        6  _printf_d.o(.ARM.Collect$$_printf_percent$$00000009)
    .ARM.Collect$$_printf_percent$$0000000A  0x08000174   Section        6  _printf_u.o(.ARM.Collect$$_printf_percent$$0000000A)
    .ARM.Collect$$_printf_percent$$0000000B  0x0800017a   Section        6  _printf_o.o(.ARM.Collect$$_printf_percent$$0000000B)
    .ARM.Collect$$_printf_percent$$0000000C  0x08000180   Section        6  _printf_x.o(.ARM.Collect$$_printf_percent$$0000000C)
    .ARM.Collect$$_printf_percent$$00000012  0x08000186   Section       10  _printf_l.o(.ARM.Collect$$_printf_percent$$00000012)
    .ARM.Collect$$_printf_percent$$00000013  0x08000190   Section        6  _printf_c.o(.ARM.Collect$$_printf_percent$$00000013)
    .ARM.Collect$$_printf_percent$$00000015  0x08000196   Section        6  _printf_lc.o(.ARM.Collect$$_printf_percent$$00000015)
    .ARM.Collect$$_printf_percent$$00000017  0x0800019c   Section        4  _printf_percent_end.o(.ARM.Collect$$_printf_percent$$00000017)
    .ARM.Collect$$libinit$$00000000          0x080001a0   Section        2  libinit.o(.ARM.Collect$$libinit$$00000000)
    .ARM.Collect$$libinit$$00000002          0x080001a2   Section        0  libinit2.o(.ARM.Collect$$libinit$$00000002)
    .ARM.Collect$$libinit$$00000004          0x080001a2   Section        0  libinit2.o(.ARM.Collect$$libinit$$00000004)
    .ARM.Collect$$libinit$$0000000A          0x080001a2   Section        0  libinit2.o(.ARM.Collect$$libinit$$0000000A)
    .ARM.Collect$$libinit$$0000000C          0x080001a2   Section        0  libinit2.o(.ARM.Collect$$libinit$$0000000C)
    .ARM.Collect$$libinit$$0000000E          0x080001a2   Section        0  libinit2.o(.ARM.Collect$$libinit$$0000000E)
    .ARM.Collect$$libinit$$0000000F          0x080001a2   Section        6  libinit2.o(.ARM.Collect$$libinit$$0000000F)
    .ARM.Collect$$libinit$$00000011          0x080001a8   Section        0  libinit2.o(.ARM.Collect$$libinit$$00000011)
    .ARM.Collect$$libinit$$00000012          0x080001a8   Section       12  libinit2.o(.ARM.Collect$$libinit$$00000012)
    .ARM.Collect$$libinit$$00000013          0x080001b4   Section        0  libinit2.o(.ARM.Collect$$libinit$$00000013)
    .ARM.Collect$$libinit$$00000015          0x080001b4   Section        0  libinit2.o(.ARM.Collect$$libinit$$00000015)
    .ARM.Collect$$libinit$$00000017          0x080001b4   Section        0  libinit2.o(.ARM.Collect$$libinit$$00000017)
    .ARM.Collect$$libinit$$00000019          0x080001b4   Section        0  libinit2.o(.ARM.Collect$$libinit$$00000019)
    .ARM.Collect$$libinit$$0000001B          0x080001b4   Section        0  libinit2.o(.ARM.Collect$$libinit$$0000001B)
    .ARM.Collect$$libinit$$0000001D          0x080001b4   Section        0  libinit2.o(.ARM.Collect$$libinit$$0000001D)
    .ARM.Collect$$libinit$$0000001F          0x080001b4   Section        0  libinit2.o(.ARM.Collect$$libinit$$0000001F)
    .ARM.Collect$$libinit$$00000021          0x080001b4   Section        0  libinit2.o(.ARM.Collect$$libinit$$00000021)
    .ARM.Collect$$libinit$$00000023          0x080001b4   Section        0  libinit2.o(.ARM.Collect$$libinit$$00000023)
    .ARM.Collect$$libinit$$00000025          0x080001b4   Section        0  libinit2.o(.ARM.Collect$$libinit$$00000025)
    .ARM.Collect$$libinit$$0000002C          0x080001b4   Section        0  libinit2.o(.ARM.Collect$$libinit$$0000002C)
    .ARM.Collect$$libinit$$0000002E          0x080001b4   Section        0  libinit2.o(.ARM.Collect$$libinit$$0000002E)
    .ARM.Collect$$libinit$$00000030          0x080001b4   Section        0  libinit2.o(.ARM.Collect$$libinit$$00000030)
    .ARM.Collect$$libinit$$00000032          0x080001b4   Section        0  libinit2.o(.ARM.Collect$$libinit$$00000032)
    .ARM.Collect$$libinit$$00000033          0x080001b4   Section        2  libinit2.o(.ARM.Collect$$libinit$$00000033)
    .ARM.Collect$$libshutdown$$00000000      0x080001b6   Section        2  libshutdown.o(.ARM.Collect$$libshutdown$$00000000)
    .ARM.Collect$$libshutdown$$00000002      0x080001b8   Section        0  libshutdown2.o(.ARM.Collect$$libshutdown$$00000002)
    .ARM.Collect$$libshutdown$$00000004      0x080001b8   Section        0  libshutdown2.o(.ARM.Collect$$libshutdown$$00000004)
    .ARM.Collect$$libshutdown$$00000007      0x080001b8   Section        0  libshutdown2.o(.ARM.Collect$$libshutdown$$00000007)
    .ARM.Collect$$libshutdown$$0000000A      0x080001b8   Section        0  libshutdown2.o(.ARM.Collect$$libshutdown$$0000000A)
    .ARM.Collect$$libshutdown$$0000000C      0x080001b8   Section        0  libshutdown2.o(.ARM.Collect$$libshutdown$$0000000C)
    .ARM.Collect$$libshutdown$$0000000F      0x080001b8   Section        0  libshutdown2.o(.ARM.Collect$$libshutdown$$0000000F)
    .ARM.Collect$$libshutdown$$00000010      0x080001b8   Section        2  libshutdown2.o(.ARM.Collect$$libshutdown$$00000010)
    .ARM.Collect$$rtentry$$00000000          0x080001ba   Section        0  __rtentry.o(.ARM.Collect$$rtentry$$00000000)
    .ARM.Collect$$rtentry$$00000002          0x080001ba   Section        0  __rtentry2.o(.ARM.Collect$$rtentry$$00000002)
    .ARM.Collect$$rtentry$$00000004          0x080001ba   Section        6  __rtentry4.o(.ARM.Collect$$rtentry$$00000004)
    .ARM.Collect$$rtentry$$00000009          0x080001c0   Section        0  __rtentry2.o(.ARM.Collect$$rtentry$$00000009)
    .ARM.Collect$$rtentry$$0000000A          0x080001c0   Section        4  __rtentry2.o(.ARM.Collect$$rtentry$$0000000A)
    .ARM.Collect$$rtentry$$0000000C          0x080001c4   Section        0  __rtentry2.o(.ARM.Collect$$rtentry$$0000000C)
    .ARM.Collect$$rtentry$$0000000D          0x080001c4   Section        8  __rtentry2.o(.ARM.Collect$$rtentry$$0000000D)
    .ARM.Collect$$rtexit$$00000000           0x080001cc   Section        2  rtexit.o(.ARM.Collect$$rtexit$$00000000)
    .ARM.Collect$$rtexit$$00000002           0x080001ce   Section        0  rtexit2.o(.ARM.Collect$$rtexit$$00000002)
    .ARM.Collect$$rtexit$$00000003           0x080001ce   Section        4  rtexit2.o(.ARM.Collect$$rtexit$$00000003)
    .ARM.Collect$$rtexit$$00000004           0x080001d2   Section        6  rtexit2.o(.ARM.Collect$$rtexit$$00000004)
    .text                                    0x080001d8   Section       64  startup_stm32l152xb.o(.text)
    .text                                    0x08000218   Section        0  noretval__2sprintf.o(.text)
    .text                                    0x08000240   Section        0  _printf_pad.o(.text)
    .text                                    0x0800028e   Section        0  _printf_truncate.o(.text)
    .text                                    0x080002b2   Section        0  _printf_str.o(.text)
    .text                                    0x08000304   Section        0  _printf_dec.o(.text)
    .text                                    0x0800037c   Section        0  _printf_wctomb.o(.text)
    .text                                    0x08000438   Section        0  _printf_oct_int.o(.text)
    .text                                    0x0800048c   Section        0  _printf_hex_int.o(.text)
    .text                                    0x080004e4   Section        0  __printf_flags_ss_wp.o(.text)
    .text                                    0x0800066c   Section        0  heapauxi.o(.text)
    .text                                    0x08000672   Section        0  _printf_intcommon.o(.text)
    _printf_input_char                       0x08000725   Thumb Code    10  _printf_char_common.o(.text)
    .text                                    0x08000724   Section        0  _printf_char_common.o(.text)
    .text                                    0x08000754   Section        0  _sputc.o(.text)
    .text                                    0x0800075e   Section        0  _printf_char.o(.text)
    .text                                    0x0800078a   Section        0  _printf_wchar.o(.text)
    .text                                    0x080007b6   Section        0  _c16rtomb.o(.text)
    .text                                    0x08000800   Section       16  rt_ctype_table.o(.text)
    .text                                    0x08000810   Section       74  sys_stackheap_outer.o(.text)
    .text                                    0x0800085c   Section        8  rt_locale_intlibspace.o(.text)
    .text                                    0x08000864   Section        0  exit.o(.text)
    .text                                    0x08000878   Section        8  libspace.o(.text)
    .text                                    0x08000880   Section      128  strcmpv7m.o(.text)
    .text                                    0x08000900   Section        0  sys_exit.o(.text)
    .text                                    0x0800090c   Section        2  use_no_semi.o(.text)
    .text                                    0x0800090e   Section        0  indicate_semi.o(.text)
    [Anonymous Symbol]                       0x08000910   Section        0  main.o(.text.Display_Button)
    __arm_cp.5_0                             0x0800097c   Number         4  main.o(.text.Display_Button)
    __arm_cp.5_3                             0x08000988   Number         4  main.o(.text.Display_Button)
    __arm_cp.5_4                             0x0800098c   Number         4  main.o(.text.Display_Button)
    [Anonymous Symbol]                       0x08000990   Section        0  main.o(.text.GPIO_Config)
    __arm_cp.4_0                             0x080009d0   Number         4  main.o(.text.GPIO_Config)
    [Anonymous Symbol]                       0x080009d4   Section        0  stm32l152_glass_lcd.o(.text.LCD_GLASS_Clear)
    [Anonymous Symbol]                       0x080009d8   Section        0  stm32l152_glass_lcd.o(.text.LCD_GLASS_DisplayChar)
    __arm_cp.8_0                             0x08000c80   Number         4  stm32l152_glass_lcd.o(.text.LCD_GLASS_DisplayChar)
    __arm_cp.8_1                             0x08000c84   Number         4  stm32l152_glass_lcd.o(.text.LCD_GLASS_DisplayChar)
    __arm_cp.8_2                             0x08000c88   Number         4  stm32l152_glass_lcd.o(.text.LCD_GLASS_DisplayChar)
    __arm_cp.8_3                             0x08000c8c   Number         4  stm32l152_glass_lcd.o(.text.LCD_GLASS_DisplayChar)
    __arm_cp.8_4                             0x08000c90   Number         4  stm32l152_glass_lcd.o(.text.LCD_GLASS_DisplayChar)
    __arm_cp.8_5                             0x08000c94   Number         4  stm32l152_glass_lcd.o(.text.LCD_GLASS_DisplayChar)
    __arm_cp.8_6                             0x08000c98   Number         4  stm32l152_glass_lcd.o(.text.LCD_GLASS_DisplayChar)
    __arm_cp.8_7                             0x08000c9c   Number         4  stm32l152_glass_lcd.o(.text.LCD_GLASS_DisplayChar)
    [Anonymous Symbol]                       0x08000ca0   Section        0  stm32l152_glass_lcd.o(.text.LCD_GLASS_DisplayString)
    [Anonymous Symbol]                       0x08000cc8   Section        0  stm32l152_glass_lcd.o(.text.LCD_GLASS_Init)
    __arm_cp.0_0                             0x08000dac   Number         4  stm32l152_glass_lcd.o(.text.LCD_GLASS_Init)
    __arm_cp.0_1                             0x08000db0   Number         4  stm32l152_glass_lcd.o(.text.LCD_GLASS_Init)
    __arm_cp.0_2                             0x08000db4   Number         4  stm32l152_glass_lcd.o(.text.LCD_GLASS_Init)
    __arm_cp.0_3                             0x08000db8   Number         4  stm32l152_glass_lcd.o(.text.LCD_GLASS_Init)
    __arm_cp.0_4                             0x08000dbc   Number         4  stm32l152_glass_lcd.o(.text.LCD_GLASS_Init)
    [Anonymous Symbol]                       0x08000dc0   Section        0  stm32l1xx_ll_lcd.o(.text.LCD_WaitForSynchro)
    LL_AHB1_GRP1_EnableClock                 0x08000dcd   Thumb Code    24  main.o(.text.LL_AHB1_GRP1_EnableClock)
    [Anonymous Symbol]                       0x08000dcc   Section        0  main.o(.text.LL_AHB1_GRP1_EnableClock)
    LL_AHB1_GRP1_EnableClock                 0x08000de5   Thumb Code    24  stm32l152_glass_lcd.o(.text.LL_AHB1_GRP1_EnableClock)
    [Anonymous Symbol]                       0x08000de4   Section        0  stm32l152_glass_lcd.o(.text.LL_AHB1_GRP1_EnableClock)
    __arm_cp.13_0                            0x08000dfc   Number         4  stm32l152_glass_lcd.o(.text.LL_AHB1_GRP1_EnableClock)
    LL_APB1_GRP1_EnableClock                 0x08000e01   Thumb Code    24  main.o(.text.LL_APB1_GRP1_EnableClock)
    [Anonymous Symbol]                       0x08000e00   Section        0  main.o(.text.LL_APB1_GRP1_EnableClock)
    LL_APB1_GRP1_EnableClock                 0x08000e19   Thumb Code    24  stm32l152_glass_lcd.o(.text.LL_APB1_GRP1_EnableClock)
    [Anonymous Symbol]                       0x08000e18   Section        0  stm32l152_glass_lcd.o(.text.LL_APB1_GRP1_EnableClock)
    __arm_cp.12_0                            0x08000e30   Number         4  stm32l152_glass_lcd.o(.text.LL_APB1_GRP1_EnableClock)
    [Anonymous Symbol]                       0x08000e34   Section        0  stm32l1xx_ll_gpio.o(.text.LL_GPIO_Init)
    [Anonymous Symbol]                       0x08000f54   Section        0  stm32l1xx_ll_utils.o(.text.LL_Init1msTick)
    [Anonymous Symbol]                       0x08000f6c   Section        0  stm32l1xx_ll_lcd.o(.text.LL_LCD_Clear)
    [Anonymous Symbol]                       0x08000f90   Section        0  stm32l1xx_ll_lcd.o(.text.LL_LCD_Init)
    __arm_cp.2_0                             0x0800100c   Number         4  stm32l1xx_ll_lcd.o(.text.LL_LCD_Init)
    [Anonymous Symbol]                       0x08001010   Section        0  stm32l1xx_ll_lcd.o(.text.LL_LCD_UpdateDisplayRequest)
    [Anonymous Symbol]                       0x08001028   Section        0  stm32l1xx_ll_lcd.o(.text.LL_LCD_Write)
    __arm_cp.3_0                             0x08001044   Number         4  stm32l1xx_ll_lcd.o(.text.LL_LCD_Write)
    [Anonymous Symbol]                       0x08001048   Section        0  stm32l1xx_ll_utils.o(.text.LL_SetSystemCoreClock)
    __arm_cp.2_0                             0x08001050   Number         4  stm32l1xx_ll_utils.o(.text.LL_SetSystemCoreClock)
    [Anonymous Symbol]                       0x08001054   Section        0  stm32l1xx_ll_tim.o(.text.LL_TIM_Init)
    __arm_cp.2_0                             0x080010b4   Number         4  stm32l1xx_ll_tim.o(.text.LL_TIM_Init)
    __arm_cp.2_2                             0x080010b8   Number         4  stm32l1xx_ll_tim.o(.text.LL_TIM_Init)
    __arm_cp.2_3                             0x080010bc   Number         4  stm32l1xx_ll_tim.o(.text.LL_TIM_Init)
    __arm_cp.2_4                             0x080010c0   Number         4  stm32l1xx_ll_tim.o(.text.LL_TIM_Init)
    [Anonymous Symbol]                       0x080010c4   Section        0  stm32l1xx_ll_utils.o(.text.LL_mDelay)
    __arm_cp.1_0                             0x080010e8   Number         4  stm32l1xx_ll_utils.o(.text.LL_mDelay)
    OUTLINED_FUNCTION_0                      0x080010ed   Thumb Code     8  main.o(.text.OUTLINED_FUNCTION_0)
    [Anonymous Symbol]                       0x080010ec   Section        0  main.o(.text.OUTLINED_FUNCTION_0)
    OUTLINED_FUNCTION_0                      0x080010f5   Thumb Code    26  stm32l152_glass_lcd.o(.text.OUTLINED_FUNCTION_0)
    [Anonymous Symbol]                       0x080010f4   Section        0  stm32l152_glass_lcd.o(.text.OUTLINED_FUNCTION_0)
    OUTLINED_FUNCTION_1                      0x0800110f   Thumb Code    10  main.o(.text.OUTLINED_FUNCTION_1)
    [Anonymous Symbol]                       0x0800110e   Section        0  main.o(.text.OUTLINED_FUNCTION_1)
    OUTLINED_FUNCTION_1                      0x08001119   Thumb Code    22  stm32l152_glass_lcd.o(.text.OUTLINED_FUNCTION_1)
    [Anonymous Symbol]                       0x08001118   Section        0  stm32l152_glass_lcd.o(.text.OUTLINED_FUNCTION_1)
    OUTLINED_FUNCTION_2                      0x0800112f   Thumb Code    18  stm32l152_glass_lcd.o(.text.OUTLINED_FUNCTION_2)
    [Anonymous Symbol]                       0x0800112e   Section        0  stm32l152_glass_lcd.o(.text.OUTLINED_FUNCTION_2)
    OUTLINED_FUNCTION_3                      0x08001141   Thumb Code    18  stm32l152_glass_lcd.o(.text.OUTLINED_FUNCTION_3)
    [Anonymous Symbol]                       0x08001140   Section        0  stm32l152_glass_lcd.o(.text.OUTLINED_FUNCTION_3)
    OUTLINED_FUNCTION_5                      0x08001153   Thumb Code    14  stm32l152_glass_lcd.o(.text.OUTLINED_FUNCTION_5)
    [Anonymous Symbol]                       0x08001152   Section        0  stm32l152_glass_lcd.o(.text.OUTLINED_FUNCTION_5)
    OUTLINED_FUNCTION_6                      0x08001161   Thumb Code    14  stm32l152_glass_lcd.o(.text.OUTLINED_FUNCTION_6)
    [Anonymous Symbol]                       0x08001160   Section        0  stm32l152_glass_lcd.o(.text.OUTLINED_FUNCTION_6)
    OUTLINED_FUNCTION_7                      0x0800116f   Thumb Code    12  stm32l152_glass_lcd.o(.text.OUTLINED_FUNCTION_7)
    [Anonymous Symbol]                       0x0800116e   Section        0  stm32l152_glass_lcd.o(.text.OUTLINED_FUNCTION_7)
    OUTLINED_FUNCTION_8                      0x0800117b   Thumb Code    14  stm32l152_glass_lcd.o(.text.OUTLINED_FUNCTION_8)
    [Anonymous Symbol]                       0x0800117a   Section        0  stm32l152_glass_lcd.o(.text.OUTLINED_FUNCTION_8)
    OUTLINED_FUNCTION_9                      0x08001189   Thumb Code     6  stm32l152_glass_lcd.o(.text.OUTLINED_FUNCTION_9)
    [Anonymous Symbol]                       0x08001188   Section        0  stm32l152_glass_lcd.o(.text.OUTLINED_FUNCTION_9)
    [Anonymous Symbol]                       0x08001190   Section        0  main.o(.text.SystemClock_Config)
    __arm_cp.1_1                             0x08001230   Number         4  main.o(.text.SystemClock_Config)
    __arm_cp.1_2                             0x08001234   Number         4  main.o(.text.SystemClock_Config)
    [Anonymous Symbol]                       0x08001238   Section        0  system_stm32l1xx.o(.text.SystemInit)
    __arm_cp.0_0                             0x08001270   Number         4  system_stm32l1xx.o(.text.SystemInit)
    __arm_cp.0_1                             0x08001274   Number         4  system_stm32l1xx.o(.text.SystemInit)
    __arm_cp.0_2                             0x08001278   Number         4  system_stm32l1xx.o(.text.SystemInit)
    __arm_cp.0_3                             0x0800127c   Number         4  system_stm32l1xx.o(.text.SystemInit)
    [Anonymous Symbol]                       0x08001280   Section        0  main.o(.text.TIMBase_Config)
    [Anonymous Symbol]                       0x080012b0   Section        0  main.o(.text.TIMBase_Config2)
    __arm_cp.3_0                             0x080012dc   Number         4  main.o(.text.TIMBase_Config2)
    [Anonymous Symbol]                       0x080012e0   Section        0  main.o(.text.main)
    __arm_cp.0_0                             0x08001344   Number         4  main.o(.text.main)
    __arm_cp.0_1                             0x08001348   Number         4  main.o(.text.main)
    __arm_cp.0_2                             0x0800134c   Number         4  main.o(.text.main)
    i._is_digit                              0x08001350   Section        0  __printf_wp.o(i._is_digit)
    locale$$code                             0x08001360   Section       44  lc_ctype_c.o(locale$$code)
    initial_mbstate                          0x0800138c   Data           8  _printf_wctomb.o(.constdata)
    .constdata                               0x0800138c   Section        8  _printf_wctomb.o(.constdata)
    uc_hextab                                0x08001394   Data          20  _printf_hex_int.o(.constdata)
    .constdata                               0x08001394   Section       40  _printf_hex_int.o(.constdata)
    lc_hextab                                0x080013a8   Data          20  _printf_hex_int.o(.constdata)
    maptable                                 0x080013bc   Data          17  __printf_flags_ss_wp.o(.constdata)
    .constdata                               0x080013bc   Section       17  __printf_flags_ss_wp.o(.constdata)
    [Anonymous Symbol]                       0x08001416   Section        0  main.o(.rodata.str1.1)
    locale$$data                             0x0800144c   Section      272  lc_ctype_c.o(locale$$data)
    __lcctype_c_name                         0x08001450   Data           2  lc_ctype_c.o(locale$$data)
    __lcctype_c_start                        0x08001458   Data           0  lc_ctype_c.o(locale$$data)
    __lcctype_c_end                          0x0800155c   Data           0  lc_ctype_c.o(locale$$data)
    .bss                                     0x20000020   Section       96  libspace.o(.bss)
    Heap_Mem                                 0x200000d0   Data         512  startup_stm32l152xb.o(HEAP)
    HEAP                                     0x200000d0   Section      512  startup_stm32l152xb.o(HEAP)
    Stack_Mem                                0x200002d0   Data        1024  startup_stm32l152xb.o(STACK)
    STACK                                    0x200002d0   Section     1024  startup_stm32l152xb.o(STACK)
    __initial_sp                             0x200006d0   Data           0  startup_stm32l152xb.o(STACK)

    Global Symbols

    Symbol Name                              Value     Ov Type        Size  Object(Section)

    BuildAttributes$$THM_ISAv4$P$D$K$B$S$PE$A:L22UL41UL21$X:L11$S22US41US21$IEEE1$IW$~IW$USESV6$~STKCKD$USESV7$~SHL$OSPACE$ROPI$EBA8$UX$STANDARDLIB$REQ8$PRES8$EABIv2 0x00000000   Number         0  anon$$obj.o ABSOLUTE
    __fp_init_empty                          0x00000000   Number         0  fpinit_empty.o ABSOLUTE
    _printf_flags                            0x00000000   Number         0  printf_stubs.o ABSOLUTE
    _printf_return_value                     0x00000000   Number         0  printf_stubs.o ABSOLUTE
    _printf_sizespec                         0x00000000   Number         0  printf_stubs.o ABSOLUTE
    _printf_widthprec                        0x00000000   Number         0  printf_stubs.o ABSOLUTE
    __ARM_exceptions_init                     - Undefined Weak Reference
    __alloca_initialize                       - Undefined Weak Reference
    __arm_preinit_                            - Undefined Weak Reference
    __cpp_initialize__aeabi_                  - Undefined Weak Reference
    __cxa_finalize                            - Undefined Weak Reference
    __sigvec_lookup                           - Undefined Weak Reference
    _atexit_init                              - Undefined Weak Reference
    _call_atexit_fns                          - Undefined Weak Reference
    _clock_init                               - Undefined Weak Reference
    _fp_trap_init                             - Undefined Weak Reference
    _fp_trap_shutdown                         - Undefined Weak Reference
    _get_lc_collate                           - Undefined Weak Reference
    _get_lc_monetary                          - Undefined Weak Reference
    _get_lc_numeric                           - Undefined Weak Reference
    _get_lc_time                              - Undefined Weak Reference
    _getenv_init                              - Undefined Weak Reference
    _handle_redirection                       - Undefined Weak Reference
    _init_alloc                               - Undefined Weak Reference
    _init_user_alloc                          - Undefined Weak Reference
    _initio                                   - Undefined Weak Reference
    _printf_mbtowc                            - Undefined Weak Reference
    _printf_wc                                - Undefined Weak Reference
    _rand_init                                - Undefined Weak Reference
    _signal_finish                            - Undefined Weak Reference
    _signal_init                              - Undefined Weak Reference
    _terminate_alloc                          - Undefined Weak Reference
    _terminate_user_alloc                     - Undefined Weak Reference
    _terminateio                              - Undefined Weak Reference
    __Vectors_Size                           0x000000f4   Number         0  startup_stm32l152xb.o ABSOLUTE
    __Vectors                                0x08000000   Data           4  startup_stm32l152xb.o(RESET)
    __Vectors_End                            0x080000f4   Data           0  startup_stm32l152xb.o(RESET)
    __main                                   0x080000f5   Thumb Code     8  __main.o(!!!main)
    __scatterload                            0x080000fd   Thumb Code     0  __scatter.o(!!!scatter)
    __scatterload_rt2                        0x080000fd   Thumb Code    44  __scatter.o(!!!scatter)
    __scatterload_rt2_thumb_only             0x080000fd   Thumb Code     0  __scatter.o(!!!scatter)
    __scatterload_null                       0x0800010b   Thumb Code     0  __scatter.o(!!!scatter)
    __scatterload_copy                       0x08000131   Thumb Code    26  __scatter_copy.o(!!handler_copy)
    __scatterload_zeroinit                   0x0800014d   Thumb Code    28  __scatter_zi.o(!!handler_zi)
    _printf_i                                0x08000169   Thumb Code     0  _printf_i.o(.ARM.Collect$$_printf_percent$$00000008)
    _printf_percent                          0x08000169   Thumb Code     0  _printf_percent.o(.ARM.Collect$$_printf_percent$$00000000)
    _printf_d                                0x0800016f   Thumb Code     0  _printf_d.o(.ARM.Collect$$_printf_percent$$00000009)
    _printf_u                                0x08000175   Thumb Code     0  _printf_u.o(.ARM.Collect$$_printf_percent$$0000000A)
    _printf_o                                0x0800017b   Thumb Code     0  _printf_o.o(.ARM.Collect$$_printf_percent$$0000000B)
    _printf_x                                0x08000181   Thumb Code     0  _printf_x.o(.ARM.Collect$$_printf_percent$$0000000C)
    _printf_l                                0x08000187   Thumb Code     0  _printf_l.o(.ARM.Collect$$_printf_percent$$00000012)
    _printf_c                                0x08000191   Thumb Code     0  _printf_c.o(.ARM.Collect$$_printf_percent$$00000013)
    _printf_lc                               0x08000197   Thumb Code     0  _printf_lc.o(.ARM.Collect$$_printf_percent$$00000015)
    _printf_percent_end                      0x0800019d   Thumb Code     0  _printf_percent_end.o(.ARM.Collect$$_printf_percent$$00000017)
    __rt_lib_init                            0x080001a1   Thumb Code     0  libinit.o(.ARM.Collect$$libinit$$00000000)
    __rt_lib_init_fp_1                       0x080001a3   Thumb Code     0  libinit2.o(.ARM.Collect$$libinit$$00000002)
    __rt_lib_init_heap_1                     0x080001a3   Thumb Code     0  libinit2.o(.ARM.Collect$$libinit$$0000000A)
    __rt_lib_init_lc_common                  0x080001a3   Thumb Code     0  libinit2.o(.ARM.Collect$$libinit$$0000000F)
    __rt_lib_init_preinit_1                  0x080001a3   Thumb Code     0  libinit2.o(.ARM.Collect$$libinit$$00000004)
    __rt_lib_init_rand_1                     0x080001a3   Thumb Code     0  libinit2.o(.ARM.Collect$$libinit$$0000000E)
    __rt_lib_init_user_alloc_1               0x080001a3   Thumb Code     0  libinit2.o(.ARM.Collect$$libinit$$0000000C)
    __rt_lib_init_lc_collate_1               0x080001a9   Thumb Code     0  libinit2.o(.ARM.Collect$$libinit$$00000011)
    __rt_lib_init_lc_ctype_2                 0x080001a9   Thumb Code     0  libinit2.o(.ARM.Collect$$libinit$$00000012)
    __rt_lib_init_alloca_1                   0x080001b5   Thumb Code     0  libinit2.o(.ARM.Collect$$libinit$$0000002E)
    __rt_lib_init_argv_1                     0x080001b5   Thumb Code     0  libinit2.o(.ARM.Collect$$libinit$$0000002C)
    __rt_lib_init_atexit_1                   0x080001b5   Thumb Code     0  libinit2.o(.ARM.Collect$$libinit$$0000001B)
    __rt_lib_init_clock_1                    0x080001b5   Thumb Code     0  libinit2.o(.ARM.Collect$$libinit$$00000021)
    __rt_lib_init_cpp_1                      0x080001b5   Thumb Code     0  libinit2.o(.ARM.Collect$$libinit$$00000032)
    __rt_lib_init_exceptions_1               0x080001b5   Thumb Code     0  libinit2.o(.ARM.Collect$$libinit$$00000030)
    __rt_lib_init_fp_trap_1                  0x080001b5   Thumb Code     0  libinit2.o(.ARM.Collect$$libinit$$0000001F)
    __rt_lib_init_getenv_1                   0x080001b5   Thumb Code     0  libinit2.o(.ARM.Collect$$libinit$$00000023)
    __rt_lib_init_lc_ctype_1                 0x080001b5   Thumb Code     0  libinit2.o(.ARM.Collect$$libinit$$00000013)
    __rt_lib_init_lc_monetary_1              0x080001b5   Thumb Code     0  libinit2.o(.ARM.Collect$$libinit$$00000015)
    __rt_lib_init_lc_numeric_1               0x080001b5   Thumb Code     0  libinit2.o(.ARM.Collect$$libinit$$00000017)
    __rt_lib_init_lc_time_1                  0x080001b5   Thumb Code     0  libinit2.o(.ARM.Collect$$libinit$$00000019)
    __rt_lib_init_return                     0x080001b5   Thumb Code     0  libinit2.o(.ARM.Collect$$libinit$$00000033)
    __rt_lib_init_signal_1                   0x080001b5   Thumb Code     0  libinit2.o(.ARM.Collect$$libinit$$0000001D)
    __rt_lib_init_stdio_1                    0x080001b5   Thumb Code     0  libinit2.o(.ARM.Collect$$libinit$$00000025)
    __rt_lib_shutdown                        0x080001b7   Thumb Code     0  libshutdown.o(.ARM.Collect$$libshutdown$$00000000)
    __rt_lib_shutdown_cpp_1                  0x080001b9   Thumb Code     0  libshutdown2.o(.ARM.Collect$$libshutdown$$00000002)
    __rt_lib_shutdown_fp_trap_1              0x080001b9   Thumb Code     0  libshutdown2.o(.ARM.Collect$$libshutdown$$00000007)
    __rt_lib_shutdown_heap_1                 0x080001b9   Thumb Code     0  libshutdown2.o(.ARM.Collect$$libshutdown$$0000000F)
    __rt_lib_shutdown_return                 0x080001b9   Thumb Code     0  libshutdown2.o(.ARM.Collect$$libshutdown$$00000010)
    __rt_lib_shutdown_signal_1               0x080001b9   Thumb Code     0  libshutdown2.o(.ARM.Collect$$libshutdown$$0000000A)
    __rt_lib_shutdown_stdio_1                0x080001b9   Thumb Code     0  libshutdown2.o(.ARM.Collect$$libshutdown$$00000004)
    __rt_lib_shutdown_user_alloc_1           0x080001b9   Thumb Code     0  libshutdown2.o(.ARM.Collect$$libshutdown$$0000000C)
    __rt_entry                               0x080001bb   Thumb Code     0  __rtentry.o(.ARM.Collect$$rtentry$$00000000)
    __rt_entry_presh_1                       0x080001bb   Thumb Code     0  __rtentry2.o(.ARM.Collect$$rtentry$$00000002)
    __rt_entry_sh                            0x080001bb   Thumb Code     0  __rtentry4.o(.ARM.Collect$$rtentry$$00000004)
    __rt_entry_li                            0x080001c1   Thumb Code     0  __rtentry2.o(.ARM.Collect$$rtentry$$0000000A)
    __rt_entry_postsh_1                      0x080001c1   Thumb Code     0  __rtentry2.o(.ARM.Collect$$rtentry$$00000009)
    __rt_entry_main                          0x080001c5   Thumb Code     0  __rtentry2.o(.ARM.Collect$$rtentry$$0000000D)
    __rt_entry_postli_1                      0x080001c5   Thumb Code     0  __rtentry2.o(.ARM.Collect$$rtentry$$0000000C)
    __rt_exit                                0x080001cd   Thumb Code     0  rtexit.o(.ARM.Collect$$rtexit$$00000000)
    __rt_exit_ls                             0x080001cf   Thumb Code     0  rtexit2.o(.ARM.Collect$$rtexit$$00000003)
    __rt_exit_prels_1                        0x080001cf   Thumb Code     0  rtexit2.o(.ARM.Collect$$rtexit$$00000002)
    __rt_exit_exit                           0x080001d3   Thumb Code     0  rtexit2.o(.ARM.Collect$$rtexit$$00000004)
    Reset_Handler                            0x080001d9   Thumb Code     8  startup_stm32l152xb.o(.text)
    NMI_Handler                              0x080001e1   Thumb Code     2  startup_stm32l152xb.o(.text)
    HardFault_Handler                        0x080001e3   Thumb Code     2  startup_stm32l152xb.o(.text)
    MemManage_Handler                        0x080001e5   Thumb Code     2  startup_stm32l152xb.o(.text)
    BusFault_Handler                         0x080001e7   Thumb Code     2  startup_stm32l152xb.o(.text)
    UsageFault_Handler                       0x080001e9   Thumb Code     2  startup_stm32l152xb.o(.text)
    SVC_Handler                              0x080001eb   Thumb Code     2  startup_stm32l152xb.o(.text)
    DebugMon_Handler                         0x080001ed   Thumb Code     2  startup_stm32l152xb.o(.text)
    PendSV_Handler                           0x080001ef   Thumb Code     2  startup_stm32l152xb.o(.text)
    SysTick_Handler                          0x080001f1   Thumb Code     2  startup_stm32l152xb.o(.text)
    ADC1_IRQHandler                          0x080001f3   Thumb Code     0  startup_stm32l152xb.o(.text)
    COMP_IRQHandler                          0x080001f3   Thumb Code     0  startup_stm32l152xb.o(.text)
    DAC_IRQHandler                           0x080001f3   Thumb Code     0  startup_stm32l152xb.o(.text)
    DMA1_Channel1_IRQHandler                 0x080001f3   Thumb Code     0  startup_stm32l152xb.o(.text)
    DMA1_Channel2_IRQHandler                 0x080001f3   Thumb Code     0  startup_stm32l152xb.o(.text)
    DMA1_Channel3_IRQHandler                 0x080001f3   Thumb Code     0  startup_stm32l152xb.o(.text)
    DMA1_Channel4_IRQHandler                 0x080001f3   Thumb Code     0  startup_stm32l152xb.o(.text)
    DMA1_Channel5_IRQHandler                 0x080001f3   Thumb Code     0  startup_stm32l152xb.o(.text)
    DMA1_Channel6_IRQHandler                 0x080001f3   Thumb Code     0  startup_stm32l152xb.o(.text)
    DMA1_Channel7_IRQHandler                 0x080001f3   Thumb Code     0  startup_stm32l152xb.o(.text)
    EXTI0_IRQHandler                         0x080001f3   Thumb Code     0  startup_stm32l152xb.o(.text)
    EXTI15_10_IRQHandler                     0x080001f3   Thumb Code     0  startup_stm32l152xb.o(.text)
    EXTI1_IRQHandler                         0x080001f3   Thumb Code     0  startup_stm32l152xb.o(.text)
    EXTI2_IRQHandler                         0x080001f3   Thumb Code     0  startup_stm32l152xb.o(.text)
    EXTI3_IRQHandler                         0x080001f3   Thumb Code     0  startup_stm32l152xb.o(.text)
    EXTI4_IRQHandler                         0x080001f3   Thumb Code     0  startup_stm32l152xb.o(.text)
    EXTI9_5_IRQHandler                       0x080001f3   Thumb Code     0  startup_stm32l152xb.o(.text)
    FLASH_IRQHandler                         0x080001f3   Thumb Code     0  startup_stm32l152xb.o(.text)
    I2C1_ER_IRQHandler                       0x080001f3   Thumb Code     0  startup_stm32l152xb.o(.text)
    I2C1_EV_IRQHandler                       0x080001f3   Thumb Code     0  startup_stm32l152xb.o(.text)
    I2C2_ER_IRQHandler                       0x080001f3   Thumb Code     0  startup_stm32l152xb.o(.text)
    I2C2_EV_IRQHandler                       0x080001f3   Thumb Code     0  startup_stm32l152xb.o(.text)
    LCD_IRQHandler                           0x080001f3   Thumb Code     0  startup_stm32l152xb.o(.text)
    PVD_IRQHandler                           0x080001f3   Thumb Code     0  startup_stm32l152xb.o(.text)
    RCC_IRQHandler                           0x080001f3   Thumb Code     0  startup_stm32l152xb.o(.text)
    RTC_Alarm_IRQHandler                     0x080001f3   Thumb Code     0  startup_stm32l152xb.o(.text)
    RTC_WKUP_IRQHandler                      0x080001f3   Thumb Code     0  startup_stm32l152xb.o(.text)
    SPI1_IRQHandler                          0x080001f3   Thumb Code     0  startup_stm32l152xb.o(.text)
    SPI2_IRQHandler                          0x080001f3   Thumb Code     0  startup_stm32l152xb.o(.text)
    TAMPER_STAMP_IRQHandler                  0x080001f3   Thumb Code     0  startup_stm32l152xb.o(.text)
    TIM10_IRQHandler                         0x080001f3   Thumb Code     0  startup_stm32l152xb.o(.text)
    TIM11_IRQHandler                         0x080001f3   Thumb Code     0  startup_stm32l152xb.o(.text)
    TIM2_IRQHandler                          0x080001f3   Thumb Code     0  startup_stm32l152xb.o(.text)
    TIM3_IRQHandler                          0x080001f3   Thumb Code     0  startup_stm32l152xb.o(.text)
    TIM4_IRQHandler                          0x080001f3   Thumb Code     0  startup_stm32l152xb.o(.text)
    TIM6_IRQHandler                          0x080001f3   Thumb Code     0  startup_stm32l152xb.o(.text)
    TIM7_IRQHandler                          0x080001f3   Thumb Code     0  startup_stm32l152xb.o(.text)
    TIM9_IRQHandler                          0x080001f3   Thumb Code     0  startup_stm32l152xb.o(.text)
    USART1_IRQHandler                        0x080001f3   Thumb Code     0  startup_stm32l152xb.o(.text)
    USART2_IRQHandler                        0x080001f3   Thumb Code     0  startup_stm32l152xb.o(.text)
    USART3_IRQHandler                        0x080001f3   Thumb Code     0  startup_stm32l152xb.o(.text)
    USB_FS_WKUP_IRQHandler                   0x080001f3   Thumb Code     0  startup_stm32l152xb.o(.text)
    USB_HP_IRQHandler                        0x080001f3   Thumb Code     0  startup_stm32l152xb.o(.text)
    USB_LP_IRQHandler                        0x080001f3   Thumb Code     0  startup_stm32l152xb.o(.text)
    WWDG_IRQHandler                          0x080001f3   Thumb Code     0  startup_stm32l152xb.o(.text)
    __user_initial_stackheap                 0x080001f5   Thumb Code     0  startup_stm32l152xb.o(.text)
    __2sprintf                               0x08000219   Thumb Code    34  noretval__2sprintf.o(.text)
    _printf_pre_padding                      0x08000241   Thumb Code    44  _printf_pad.o(.text)
    _printf_post_padding                     0x0800026d   Thumb Code    34  _printf_pad.o(.text)
    _printf_truncate_signed                  0x0800028f   Thumb Code    18  _printf_truncate.o(.text)
    _printf_truncate_unsigned                0x080002a1   Thumb Code    18  _printf_truncate.o(.text)
    _printf_str                              0x080002b3   Thumb Code    82  _printf_str.o(.text)
    _printf_int_dec                          0x08000305   Thumb Code   104  _printf_dec.o(.text)
    _printf_wctomb                           0x0800037d   Thumb Code   182  _printf_wctomb.o(.text)
    _printf_int_oct                          0x08000439   Thumb Code    74  _printf_oct_int.o(.text)
    _printf_longlong_oct                     0x08000439   Thumb Code     0  _printf_oct_int.o(.text)
    _printf_int_hex                          0x0800048d   Thumb Code    84  _printf_hex_int.o(.text)
    _printf_longlong_hex                     0x0800048d   Thumb Code     0  _printf_hex_int.o(.text)
    __printf                                 0x080004e5   Thumb Code   388  __printf_flags_ss_wp.o(.text)
    __use_two_region_memory                  0x0800066d   Thumb Code     2  heapauxi.o(.text)
    __rt_heap_escrow$2region                 0x0800066f   Thumb Code     2  heapauxi.o(.text)
    __rt_heap_expand$2region                 0x08000671   Thumb Code     2  heapauxi.o(.text)
    _printf_int_common                       0x08000673   Thumb Code   178  _printf_intcommon.o(.text)
    _printf_char_common                      0x0800072f   Thumb Code    32  _printf_char_common.o(.text)
    _sputc                                   0x08000755   Thumb Code    10  _sputc.o(.text)
    _printf_cs_common                        0x0800075f   Thumb Code    20  _printf_char.o(.text)
    _printf_char                             0x08000773   Thumb Code    16  _printf_char.o(.text)
    _printf_string                           0x08000783   Thumb Code     8  _printf_char.o(.text)
    _printf_lcs_common                       0x0800078b   Thumb Code    20  _printf_wchar.o(.text)
    _printf_wchar                            0x0800079f   Thumb Code    16  _printf_wchar.o(.text)
    _printf_wstring                          0x080007af   Thumb Code     8  _printf_wchar.o(.text)
    _c16rtomb                                0x080007b7   Thumb Code    72  _c16rtomb.o(.text)
    _wcrtomb                                 0x080007b7   Thumb Code     0  _c16rtomb.o(.text)
    __rt_ctype_table                         0x08000801   Thumb Code    16  rt_ctype_table.o(.text)
    __user_setup_stackheap                   0x08000811   Thumb Code    74  sys_stackheap_outer.o(.text)
    __rt_locale                              0x0800085d   Thumb Code     8  rt_locale_intlibspace.o(.text)
    exit                                     0x08000865   Thumb Code    18  exit.o(.text)
    __user_libspace                          0x08000879   Thumb Code     8  libspace.o(.text)
    __user_perproc_libspace                  0x08000879   Thumb Code     0  libspace.o(.text)
    __user_perthread_libspace                0x08000879   Thumb Code     0  libspace.o(.text)
    strcmp                                   0x08000881   Thumb Code   128  strcmpv7m.o(.text)
    _sys_exit                                0x08000901   Thumb Code     8  sys_exit.o(.text)
    __I$use$semihosting                      0x0800090d   Thumb Code     0  use_no_semi.o(.text)
    __use_no_semihosting_swi                 0x0800090d   Thumb Code     2  use_no_semi.o(.text)
    __semihosting_library_function           0x0800090f   Thumb Code     0  indicate_semi.o(.text)
    Display_Button                           0x08000911   Thumb Code   108  main.o(.text.Display_Button)
    GPIO_Config                              0x08000991   Thumb Code    64  main.o(.text.GPIO_Config)
    LCD_GLASS_Clear                          0x080009d5   Thumb Code     4  stm32l152_glass_lcd.o(.text.LCD_GLASS_Clear)
    LCD_GLASS_DisplayChar                    0x080009d9   Thumb Code   680  stm32l152_glass_lcd.o(.text.LCD_GLASS_DisplayChar)
    LCD_GLASS_DisplayString                  0x08000ca1   Thumb Code    40  stm32l152_glass_lcd.o(.text.LCD_GLASS_DisplayString)
    LCD_GLASS_Init                           0x08000cc9   Thumb Code   228  stm32l152_glass_lcd.o(.text.LCD_GLASS_Init)
    LCD_WaitForSynchro                       0x08000dc1   Thumb Code    12  stm32l1xx_ll_lcd.o(.text.LCD_WaitForSynchro)
    LL_GPIO_Init                             0x08000e35   Thumb Code   286  stm32l1xx_ll_gpio.o(.text.LL_GPIO_Init)
    LL_Init1msTick                           0x08000f55   Thumb Code    24  stm32l1xx_ll_utils.o(.text.LL_Init1msTick)
    LL_LCD_Clear                             0x08000f6d   Thumb Code    36  stm32l1xx_ll_lcd.o(.text.LL_LCD_Clear)
    LL_LCD_Init                              0x08000f91   Thumb Code   124  stm32l1xx_ll_lcd.o(.text.LL_LCD_Init)
    LL_LCD_UpdateDisplayRequest              0x08001011   Thumb Code    24  stm32l1xx_ll_lcd.o(.text.LL_LCD_UpdateDisplayRequest)
    LL_LCD_Write                             0x08001029   Thumb Code    28  stm32l1xx_ll_lcd.o(.text.LL_LCD_Write)
    LL_SetSystemCoreClock                    0x08001049   Thumb Code     8  stm32l1xx_ll_utils.o(.text.LL_SetSystemCoreClock)
    LL_TIM_Init                              0x08001055   Thumb Code    96  stm32l1xx_ll_tim.o(.text.LL_TIM_Init)
    LL_mDelay                                0x080010c5   Thumb Code    36  stm32l1xx_ll_utils.o(.text.LL_mDelay)
    SystemClock_Config                       0x08001191   Thumb Code   160  main.o(.text.SystemClock_Config)
    SystemInit                               0x08001239   Thumb Code    56  system_stm32l1xx.o(.text.SystemInit)
    TIMBase_Config                           0x08001281   Thumb Code    46  main.o(.text.TIMBase_Config)
    TIMBase_Config2                          0x080012b1   Thumb Code    44  main.o(.text.TIMBase_Config2)
    main                                     0x080012e1   Thumb Code   100  main.o(.text.main)
    _is_digit                                0x08001351   Thumb Code    14  __printf_wp.o(i._is_digit)
    _get_lc_ctype                            0x08001361   Thumb Code    44  lc_ctype_c.o(locale$$code)
    CapLetterMap                             0x080013ce   Data          52  stm32l152_glass_lcd.o(.rodata.CapLetterMap)
    NumberMap                                0x08001402   Data          20  stm32l152_glass_lcd.o(.rodata.NumberMap)
    Region$$Table$$Base                      0x0800142c   Number         0  anon$$obj.o(Region$$Table)
    Region$$Table$$Limit                     0x0800144c   Number         0  anon$$obj.o(Region$$Table)
    __ctype                                  0x08001459   Data           0  lc_ctype_c.o(locale$$data)
    SystemCoreClock                          0x20000000   Data           4  system_stm32l1xx.o(.data.SystemCoreClock)
    disp2_str                                0x20000004   Data           7  main.o(.data.disp2_str)
    disp_strE                                0x2000000c   Data          16  main.o(.data.disp_strE)
    __libspace_start                         0x20000020   Data          96  libspace.o(.bss)
    Digit                                    0x20000080   Data          16  stm32l152_glass_lcd.o(.bss.Digit)
    __temporary_stack_top$libspace           0x20000080   Data           0  libspace.o(.bss)
    LCD_InitStructure                        0x20000090   Data          48  stm32l152_glass_lcd.o(.bss.LCD_InitStructure)
    disp_str                                 0x200000c0   Data          10  main.o(.bss.disp_str)



==============================================================================

Memory Map of the image

  Image Entry point : 0x080001d9

  Load Region LR_1 (Base: 0x08000000, Size: 0x00001578, Max: 0xffffffff, ABSOLUTE)

    Execution Region ER_RO (Exec base: 0x08000000, Load base: 0x08000000, Size: 0x0000155c, Max: 0xffffffff, ABSOLUTE)

    Exec Addr    Load Addr    Size         Type   Attr      Idx    E Section Name        Object

    0x08000000   0x08000000   0x000000f4   Data   RO           19    RESET               startup_stm32l152xb.o
    0x080000f4   0x080000f4   0x00000008   Code   RO          317  * !!!main             c_w.l(__main.o)
    0x080000fc   0x080000fc   0x00000034   Code   RO          508    !!!scatter          c_w.l(__scatter.o)
    0x08000130   0x08000130   0x0000001a   Code   RO          510    !!handler_copy      c_w.l(__scatter_copy.o)
    0x0800014a   0x0800014a   0x00000002   PAD
    0x0800014c   0x0800014c   0x0000001c   Code   RO          512    !!handler_zi        c_w.l(__scatter_zi.o)
    0x08000168   0x08000168   0x00000000   Code   RO          313    .ARM.Collect$$_printf_percent$$00000000  c_w.l(_printf_percent.o)
    0x08000168   0x08000168   0x00000006   Code   RO          310    .ARM.Collect$$_printf_percent$$00000008  c_w.l(_printf_i.o)
    0x0800016e   0x0800016e   0x00000006   Code   RO          311    .ARM.Collect$$_printf_percent$$00000009  c_w.l(_printf_d.o)
    0x08000174   0x08000174   0x00000006   Code   RO          312    .ARM.Collect$$_printf_percent$$0000000A  c_w.l(_printf_u.o)
    0x0800017a   0x0800017a   0x00000006   Code   RO          309    .ARM.Collect$$_printf_percent$$0000000B  c_w.l(_printf_o.o)
    0x08000180   0x08000180   0x00000006   Code   RO          308    .ARM.Collect$$_printf_percent$$0000000C  c_w.l(_printf_x.o)
    0x08000186   0x08000186   0x0000000a   Code   RO          331    .ARM.Collect$$_printf_percent$$00000012  c_w.l(_printf_l.o)
    0x08000190   0x08000190   0x00000006   Code   RO          307    .ARM.Collect$$_printf_percent$$00000013  c_w.l(_printf_c.o)
    0x08000196   0x08000196   0x00000006   Code   RO          314    .ARM.Collect$$_printf_percent$$00000015  c_w.l(_printf_lc.o)
    0x0800019c   0x0800019c   0x00000004   Code   RO          330    .ARM.Collect$$_printf_percent$$00000017  c_w.l(_printf_percent_end.o)
    0x080001a0   0x080001a0   0x00000002   Code   RO          370    .ARM.Collect$$libinit$$00000000  c_w.l(libinit.o)
    0x080001a2   0x080001a2   0x00000000   Code   RO          379    .ARM.Collect$$libinit$$00000002  c_w.l(libinit2.o)
    0x080001a2   0x080001a2   0x00000000   Code   RO          381    .ARM.Collect$$libinit$$00000004  c_w.l(libinit2.o)
    0x080001a2   0x080001a2   0x00000000   Code   RO          384    .ARM.Collect$$libinit$$0000000A  c_w.l(libinit2.o)
    0x080001a2   0x080001a2   0x00000000   Code   RO          386    .ARM.Collect$$libinit$$0000000C  c_w.l(libinit2.o)
    0x080001a2   0x080001a2   0x00000000   Code   RO          388    .ARM.Collect$$libinit$$0000000E  c_w.l(libinit2.o)
    0x080001a2   0x080001a2   0x00000006   Code   RO          389    .ARM.Collect$$libinit$$0000000F  c_w.l(libinit2.o)
    0x080001a8   0x080001a8   0x00000000   Code   RO          391    .ARM.Collect$$libinit$$00000011  c_w.l(libinit2.o)
    0x080001a8   0x080001a8   0x0000000c   Code   RO          392    .ARM.Collect$$libinit$$00000012  c_w.l(libinit2.o)
    0x080001b4   0x080001b4   0x00000000   Code   RO          393    .ARM.Collect$$libinit$$00000013  c_w.l(libinit2.o)
    0x080001b4   0x080001b4   0x00000000   Code   RO          395    .ARM.Collect$$libinit$$00000015  c_w.l(libinit2.o)
    0x080001b4   0x080001b4   0x00000000   Code   RO          397    .ARM.Collect$$libinit$$00000017  c_w.l(libinit2.o)
    0x080001b4   0x080001b4   0x00000000   Code   RO          399    .ARM.Collect$$libinit$$00000019  c_w.l(libinit2.o)
    0x080001b4   0x080001b4   0x00000000   Code   RO          401    .ARM.Collect$$libinit$$0000001B  c_w.l(libinit2.o)
    0x080001b4   0x080001b4   0x00000000   Code   RO          403    .ARM.Collect$$libinit$$0000001D  c_w.l(libinit2.o)
    0x080001b4   0x080001b4   0x00000000   Code   RO          405    .ARM.Collect$$libinit$$0000001F  c_w.l(libinit2.o)
    0x080001b4   0x080001b4   0x00000000   Code   RO          407    .ARM.Collect$$libinit$$00000021  c_w.l(libinit2.o)
    0x080001b4   0x080001b4   0x00000000   Code   RO          409    .ARM.Collect$$libinit$$00000023  c_w.l(libinit2.o)
    0x080001b4   0x080001b4   0x00000000   Code   RO          411    .ARM.Collect$$libinit$$00000025  c_w.l(libinit2.o)
    0x080001b4   0x080001b4   0x00000000   Code   RO          415    .ARM.Collect$$libinit$$0000002C  c_w.l(libinit2.o)
    0x080001b4   0x080001b4   0x00000000   Code   RO          417    .ARM.Collect$$libinit$$0000002E  c_w.l(libinit2.o)
    0x080001b4   0x080001b4   0x00000000   Code   RO          419    .ARM.Collect$$libinit$$00000030  c_w.l(libinit2.o)
    0x080001b4   0x080001b4   0x00000000   Code   RO          421    .ARM.Collect$$libinit$$00000032  c_w.l(libinit2.o)
    0x080001b4   0x080001b4   0x00000002   Code   RO          422    .ARM.Collect$$libinit$$00000033  c_w.l(libinit2.o)
    0x080001b6   0x080001b6   0x00000002   Code   RO          444    .ARM.Collect$$libshutdown$$00000000  c_w.l(libshutdown.o)
    0x080001b8   0x080001b8   0x00000000   Code   RO          459    .ARM.Collect$$libshutdown$$00000002  c_w.l(libshutdown2.o)
    0x080001b8   0x080001b8   0x00000000   Code   RO          461    .ARM.Collect$$libshutdown$$00000004  c_w.l(libshutdown2.o)
    0x080001b8   0x080001b8   0x00000000   Code   RO          464    .ARM.Collect$$libshutdown$$00000007  c_w.l(libshutdown2.o)
    0x080001b8   0x080001b8   0x00000000   Code   RO          467    .ARM.Collect$$libshutdown$$0000000A  c_w.l(libshutdown2.o)
    0x080001b8   0x080001b8   0x00000000   Code   RO          469    .ARM.Collect$$libshutdown$$0000000C  c_w.l(libshutdown2.o)
    0x080001b8   0x080001b8   0x00000000   Code   RO          472    .ARM.Collect$$libshutdown$$0000000F  c_w.l(libshutdown2.o)
    0x080001b8   0x080001b8   0x00000002   Code   RO          473    .ARM.Collect$$libshutdown$$00000010  c_w.l(libshutdown2.o)
    0x080001ba   0x080001ba   0x00000000   Code   RO          319    .ARM.Collect$$rtentry$$00000000  c_w.l(__rtentry.o)
    0x080001ba   0x080001ba   0x00000000   Code   RO          335    .ARM.Collect$$rtentry$$00000002  c_w.l(__rtentry2.o)
    0x080001ba   0x080001ba   0x00000006   Code   RO          347    .ARM.Collect$$rtentry$$00000004  c_w.l(__rtentry4.o)
    0x080001c0   0x080001c0   0x00000000   Code   RO          337    .ARM.Collect$$rtentry$$00000009  c_w.l(__rtentry2.o)
    0x080001c0   0x080001c0   0x00000004   Code   RO          338    .ARM.Collect$$rtentry$$0000000A  c_w.l(__rtentry2.o)
    0x080001c4   0x080001c4   0x00000000   Code   RO          340    .ARM.Collect$$rtentry$$0000000C  c_w.l(__rtentry2.o)
    0x080001c4   0x080001c4   0x00000008   Code   RO          341    .ARM.Collect$$rtentry$$0000000D  c_w.l(__rtentry2.o)
    0x080001cc   0x080001cc   0x00000002   Code   RO          374    .ARM.Collect$$rtexit$$00000000  c_w.l(rtexit.o)
    0x080001ce   0x080001ce   0x00000000   Code   RO          424    .ARM.Collect$$rtexit$$00000002  c_w.l(rtexit2.o)
    0x080001ce   0x080001ce   0x00000004   Code   RO          425    .ARM.Collect$$rtexit$$00000003  c_w.l(rtexit2.o)
    0x080001d2   0x080001d2   0x00000006   Code   RO          426    .ARM.Collect$$rtexit$$00000004  c_w.l(rtexit2.o)
    0x080001d8   0x080001d8   0x00000040   Code   RO           20  * .text               startup_stm32l152xb.o
    0x08000218   0x08000218   0x00000028   Code   RO          245    .text               c_w.l(noretval__2sprintf.o)
    0x08000240   0x08000240   0x0000004e   Code   RO          249    .text               c_w.l(_printf_pad.o)
    0x0800028e   0x0800028e   0x00000024   Code   RO          251    .text               c_w.l(_printf_truncate.o)
    0x080002b2   0x080002b2   0x00000052   Code   RO          253    .text               c_w.l(_printf_str.o)
    0x08000304   0x08000304   0x00000078   Code   RO          255    .text               c_w.l(_printf_dec.o)
    0x0800037c   0x0800037c   0x000000bc   Code   RO          257    .text               c_w.l(_printf_wctomb.o)
    0x08000438   0x08000438   0x00000054   Code   RO          262    .text               c_w.l(_printf_oct_int.o)
    0x0800048c   0x0800048c   0x00000058   Code   RO          269    .text               c_w.l(_printf_hex_int.o)
    0x080004e4   0x080004e4   0x00000188   Code   RO          304    .text               c_w.l(__printf_flags_ss_wp.o)
    0x0800066c   0x0800066c   0x00000006   Code   RO          315    .text               c_w.l(heapauxi.o)
    0x08000672   0x08000672   0x000000b2   Code   RO          320    .text               c_w.l(_printf_intcommon.o)
    0x08000724   0x08000724   0x00000030   Code   RO          322    .text               c_w.l(_printf_char_common.o)
    0x08000754   0x08000754   0x0000000a   Code   RO          324    .text               c_w.l(_sputc.o)
    0x0800075e   0x0800075e   0x0000002c   Code   RO          326    .text               c_w.l(_printf_char.o)
    0x0800078a   0x0800078a   0x0000002c   Code   RO          328    .text               c_w.l(_printf_wchar.o)
    0x080007b6   0x080007b6   0x00000048   Code   RO          332    .text               c_w.l(_c16rtomb.o)
    0x080007fe   0x080007fe   0x00000002   PAD
    0x08000800   0x08000800   0x00000010   Code   RO          349    .text               c_w.l(rt_ctype_table.o)
    0x08000810   0x08000810   0x0000004a   Code   RO          353    .text               c_w.l(sys_stackheap_outer.o)
    0x0800085a   0x0800085a   0x00000002   PAD
    0x0800085c   0x0800085c   0x00000008   Code   RO          358    .text               c_w.l(rt_locale_intlibspace.o)
    0x08000864   0x08000864   0x00000012   Code   RO          363    .text               c_w.l(exit.o)
    0x08000876   0x08000876   0x00000002   PAD
    0x08000878   0x08000878   0x00000008   Code   RO          371    .text               c_w.l(libspace.o)
    0x08000880   0x08000880   0x00000080   Code   RO          376    .text               c_w.l(strcmpv7m.o)
    0x08000900   0x08000900   0x0000000c   Code   RO          434    .text               c_w.l(sys_exit.o)
    0x0800090c   0x0800090c   0x00000002   Code   RO          449    .text               c_w.l(use_no_semi.o)
    0x0800090e   0x0800090e   0x00000000   Code   RO          451    .text               c_w.l(indicate_semi.o)
    0x0800090e   0x0800090e   0x00000002   PAD
    0x08000910   0x08000910   0x00000080   Code   RO           37    .text.Display_Button  main.o
    0x08000990   0x08000990   0x00000044   Code   RO           35    .text.GPIO_Config   main.o
    0x080009d4   0x080009d4   0x00000004   Code   RO           62    .text.LCD_GLASS_Clear  stm32l152_glass_lcd.o
    0x080009d8   0x080009d8   0x000002c8   Code   RO           76    .text.LCD_GLASS_DisplayChar  stm32l152_glass_lcd.o
    0x08000ca0   0x08000ca0   0x00000028   Code   RO           78    .text.LCD_GLASS_DisplayString  stm32l152_glass_lcd.o
    0x08000cc8   0x08000cc8   0x000000f8   Code   RO           60    .text.LCD_GLASS_Init  stm32l152_glass_lcd.o
    0x08000dc0   0x08000dc0   0x0000000c   Code   RO          194    .text.LCD_WaitForSynchro  stm32l1xx_ll_lcd.o
    0x08000dcc   0x08000dcc   0x00000018   Code   RO           39    .text.LL_AHB1_GRP1_EnableClock  main.o
    0x08000de4   0x08000de4   0x0000001c   Code   RO           86    .text.LL_AHB1_GRP1_EnableClock  stm32l152_glass_lcd.o
    0x08000e00   0x08000e00   0x00000018   Code   RO           41    .text.LL_APB1_GRP1_EnableClock  main.o
    0x08000e18   0x08000e18   0x0000001c   Code   RO           84    .text.LL_APB1_GRP1_EnableClock  stm32l152_glass_lcd.o
    0x08000e34   0x08000e34   0x0000011e   Code   RO          150    .text.LL_GPIO_Init  stm32l1xx_ll_gpio.o
    0x08000f52   0x08000f52   0x00000002   PAD
    0x08000f54   0x08000f54   0x00000018   Code   RO          122    .text.LL_Init1msTick  stm32l1xx_ll_utils.o
    0x08000f6c   0x08000f6c   0x00000024   Code   RO          200    .text.LL_LCD_Clear  stm32l1xx_ll_lcd.o
    0x08000f90   0x08000f90   0x00000080   Code   RO          196    .text.LL_LCD_Init   stm32l1xx_ll_lcd.o
    0x08001010   0x08001010   0x00000018   Code   RO          202    .text.LL_LCD_UpdateDisplayRequest  stm32l1xx_ll_lcd.o
    0x08001028   0x08001028   0x00000020   Code   RO          198    .text.LL_LCD_Write  stm32l1xx_ll_lcd.o
    0x08001048   0x08001048   0x0000000c   Code   RO          126    .text.LL_SetSystemCoreClock  stm32l1xx_ll_utils.o
    0x08001054   0x08001054   0x00000070   Code   RO          216    .text.LL_TIM_Init   stm32l1xx_ll_tim.o
    0x080010c4   0x080010c4   0x00000028   Code   RO          124    .text.LL_mDelay     stm32l1xx_ll_utils.o
    0x080010ec   0x080010ec   0x00000008   Code   RO           43    .text.OUTLINED_FUNCTION_0  main.o
    0x080010f4   0x080010f4   0x0000001a   Code   RO           88    .text.OUTLINED_FUNCTION_0  stm32l152_glass_lcd.o
    0x0800110e   0x0800110e   0x0000000a   Code   RO           45    .text.OUTLINED_FUNCTION_1  main.o
    0x08001118   0x08001118   0x00000016   Code   RO           90    .text.OUTLINED_FUNCTION_1  stm32l152_glass_lcd.o
    0x0800112e   0x0800112e   0x00000012   Code   RO           92    .text.OUTLINED_FUNCTION_2  stm32l152_glass_lcd.o
    0x08001140   0x08001140   0x00000012   Code   RO           94    .text.OUTLINED_FUNCTION_3  stm32l152_glass_lcd.o
    0x08001152   0x08001152   0x0000000e   Code   RO           98    .text.OUTLINED_FUNCTION_5  stm32l152_glass_lcd.o
    0x08001160   0x08001160   0x0000000e   Code   RO          100    .text.OUTLINED_FUNCTION_6  stm32l152_glass_lcd.o
    0x0800116e   0x0800116e   0x0000000c   Code   RO          102    .text.OUTLINED_FUNCTION_7  stm32l152_glass_lcd.o
    0x0800117a   0x0800117a   0x0000000e   Code   RO          104    .text.OUTLINED_FUNCTION_8  stm32l152_glass_lcd.o
    0x08001188   0x08001188   0x00000006   Code   RO          106    .text.OUTLINED_FUNCTION_9  stm32l152_glass_lcd.o
    0x0800118e   0x0800118e   0x00000002   PAD
    0x08001190   0x08001190   0x000000a8   Code   RO           29    .text.SystemClock_Config  main.o
    0x08001238   0x08001238   0x00000048   Code   RO            2    .text.SystemInit    system_stm32l1xx.o
    0x08001280   0x08001280   0x0000002e   Code   RO           31    .text.TIMBase_Config  main.o
    0x080012ae   0x080012ae   0x00000002   PAD
    0x080012b0   0x080012b0   0x00000030   Code   RO           33    .text.TIMBase_Config2  main.o
    0x080012e0   0x080012e0   0x00000070   Code   RO           27    .text.main          main.o
    0x08001350   0x08001350   0x0000000e   Code   RO          297    i._is_digit         c_w.l(__printf_wp.o)
    0x0800135e   0x0800135e   0x00000002   PAD
    0x08001360   0x08001360   0x0000002c   Code   RO          361    locale$$code        c_w.l(lc_ctype_c.o)
    0x0800138c   0x0800138c   0x00000008   Data   RO          258    .constdata          c_w.l(_printf_wctomb.o)
    0x08001394   0x08001394   0x00000028   Data   RO          270    .constdata          c_w.l(_printf_hex_int.o)
    0x080013bc   0x080013bc   0x00000011   Data   RO          305    .constdata          c_w.l(__printf_flags_ss_wp.o)
    0x080013cd   0x080013cd   0x00000001   PAD
    0x080013ce   0x080013ce   0x00000034   Data   RO          109    .rodata.CapLetterMap  stm32l152_glass_lcd.o
    0x08001402   0x08001402   0x00000014   Data   RO          110    .rodata.NumberMap   stm32l152_glass_lcd.o
    0x08001416   0x08001416   0x00000013   Data   RO           48    .rodata.str1.1      main.o
    0x08001429   0x08001429   0x00000003   PAD
    0x0800142c   0x0800142c   0x00000020   Data   RO          507    Region$$Table       anon$$obj.o
    0x0800144c   0x0800144c   0x00000110   Data   RO          360    locale$$data        c_w.l(lc_ctype_c.o)


    Execution Region ER_RW (Exec base: 0x20000000, Load base: 0x0800155c, Size: 0x0000001c, Max: 0xffffffff, ABSOLUTE)

    Exec Addr    Load Addr    Size         Type   Attr      Idx    E Section Name        Object

    0x20000000   0x0800155c   0x00000004   Data   RW            6    .data.SystemCoreClock  system_stm32l1xx.o
    0x20000004   0x08001560   0x00000007   Data   RW           47    .data.disp2_str     main.o
    0x2000000b   0x08001567   0x00000001   PAD
    0x2000000c   0x08001568   0x00000010   Data   RW           49    .data.disp_strE     main.o


    Execution Region ER_ZI (Exec base: 0x20000020, Load base: 0x08001578, Size: 0x000006b0, Max: 0xffffffff, ABSOLUTE)

    Exec Addr    Load Addr    Size         Type   Attr      Idx    E Section Name        Object

    0x20000020        -       0x00000060   Zero   RW          372    .bss                c_w.l(libspace.o)
    0x20000080        -       0x00000010   Zero   RW          113    .bss.Digit          stm32l152_glass_lcd.o
    0x20000090        -       0x00000030   Zero   RW          112    .bss.LCD_InitStructure  stm32l152_glass_lcd.o
    0x200000c0        -       0x0000000a   Zero   RW           50    .bss.disp_str       main.o
    0x200000ca   0x08001578   0x00000006   PAD
    0x200000d0        -       0x00000200   Zero   RW           18    HEAP                startup_stm32l152xb.o
    0x200002d0        -       0x00000400   Zero   RW           17    STACK               startup_stm32l152xb.o


==============================================================================

Image component sizes


      Code (inc. data)   RO Data    RW Data    ZI Data      Debug   Object Name

       636         48         19         23         10       6091   main.o
        64         26        244          0       1536        960   startup_stm32l152xb.o
      1204         66         72          0         64      10102   stm32l152_glass_lcd.o
       286          0          0          0          0       4088   stm32l1xx_ll_gpio.o
       232          8          0          0          0       2662   stm32l1xx_ll_lcd.o
       112         16          0          0          0       9198   stm32l1xx_ll_tim.o
        76          8          0          0          0       6750   stm32l1xx_ll_utils.o
        72         16          0          4          0       2467   system_stm32l1xx.o

    ----------------------------------------------------------------------
      2688        188        370         28       1616      42318   Object Totals
         0          0         32          0          0          0   (incl. Generated)
         6          0          3          1          6          0   (incl. Padding)

    ----------------------------------------------------------------------

      Code (inc. data)   RO Data    RW Data    ZI Data      Debug   Library Member Name

         8          0          0          0          0         68   __main.o
       392          4         17          0          0         92   __printf_flags_ss_wp.o
        14          0          0          0          0         68   __printf_wp.o
         0          0          0          0          0          0   __rtentry.o
        12          0          0          0          0          0   __rtentry2.o
         6          0          0          0          0          0   __rtentry4.o
        52          8          0          0          0          0   __scatter.o
        26          0          0          0          0          0   __scatter_copy.o
        28          0          0          0          0          0   __scatter_zi.o
        72          0          0          0          0         96   _c16rtomb.o
         6          0          0          0          0          0   _printf_c.o
        44          0          0          0          0        108   _printf_char.o
        48          6          0          0          0         96   _printf_char_common.o
         6          0          0          0          0          0   _printf_d.o
       120         16          0          0          0         92   _printf_dec.o
        88          4         40          0          0         88   _printf_hex_int.o
         6          0          0          0          0          0   _printf_i.o
       178          0          0          0          0         88   _printf_intcommon.o
        10          0          0          0          0          0   _printf_l.o
         6          0          0          0          0          0   _printf_lc.o
         6          0          0          0          0          0   _printf_o.o
        84         10          0          0          0         88   _printf_oct_int.o
        78          0          0          0          0        108   _printf_pad.o
         0          0          0          0          0          0   _printf_percent.o
         4          0          0          0          0          0   _printf_percent_end.o
        82          0          0          0          0         80   _printf_str.o
        36          0          0          0          0         84   _printf_truncate.o
         6          0          0          0          0          0   _printf_u.o
        44          0          0          0          0        108   _printf_wchar.o
       188          6          8          0          0         92   _printf_wctomb.o
         6          0          0          0          0          0   _printf_x.o
        10          0          0          0          0         68   _sputc.o
        18          0          0          0          0         80   exit.o
         6          0          0          0          0        152   heapauxi.o
         0          0          0          0          0          0   indicate_semi.o
        44         10        272          0          0         76   lc_ctype_c.o
         2          0          0          0          0          0   libinit.o
        20          0          0          0          0          0   libinit2.o
         2          0          0          0          0          0   libshutdown.o
         2          0          0          0          0          0   libshutdown2.o
         8          4          0          0         96         68   libspace.o
        40          6          0          0          0         84   noretval__2sprintf.o
        16          4          0          0          0         76   rt_ctype_table.o
         8          4          0          0          0         68   rt_locale_intlibspace.o
         2          0          0          0          0          0   rtexit.o
        10          0          0          0          0          0   rtexit2.o
       128          0          0          0          0         68   strcmpv7m.o
        12          4          0          0          0         68   sys_exit.o
        74          0          0          0          0         80   sys_stackheap_outer.o
         2          0          0          0          0         68   use_no_semi.o

    ----------------------------------------------------------------------
      2072         86        338          0         96       2312   Library Totals
        12          0          1          0          0          0   (incl. Padding)

    ----------------------------------------------------------------------

      Code (inc. data)   RO Data    RW Data    ZI Data      Debug   Library Name

      2060         86        337          0         96       2312   c_w.l

    ----------------------------------------------------------------------
      2072         86        338          0         96       2312   Library Totals

    ----------------------------------------------------------------------

==============================================================================


      Code (inc. data)   RO Data    RW Data    ZI Data      Debug   

      4760        274        708         28       1712      43386   Grand Totals
      4760        274        708         28       1712      43386   ELF Image Totals
      4760        274        708         28          0          0   ROM Totals

==============================================================================

    Total RO  Size (Code + RO Data)                 5468 (   5.34kB)
    Total RW  Size (RW Data + ZI Data)              1740 (   1.70kB)
    Total ROM Size (Code + RO Data + RW Data)       5496 (   5.37kB)

==============================================================================

