<html>
<body>
<pre>
<h1>µVision Build Log</h1>
<h2>Tool Versions:</h2>
IDE-Version: µVision V5.34.0.0
Copyright (C) 2021 ARM Ltd and ARM Germany GmbH. All rights reserved.
License Information: Poon User, opsa, LIC=----
 
Tool Versions:
Toolchain:       MDK-Lite  Version: 5.34.0.0
Toolchain Path:  C:\Keil_v5\ARM\ARMCLANG\Bin
C Compiler:      ArmClang.exe V6.16
Assembler:       Armasm.exe V6.16
Linker/Locator:  ArmLink.exe V6.16
Library Manager: ArmAr.exe V6.16
Hex Converter:   FromElf.exe V6.16
CPU DLL:         SARMCM3.DLL V5.34.0.0
Dialog DLL:      DCM.DLL V1.17.3.0
Target DLL:      STLink\ST-LINKIII-KEIL_SWO.dll V3.0.8.0
Dialog DLL:      TCM.DLL V1.48.0.0
 
<h2>Project:</h2>
C:\Users\User\OneDrive\Desktop\STM32L152RB-ProjectTemplate\STM32L152RB-ProjectTemplate\Project\MDK-ARM\STM32L152RB.uvprojx
Project File Date:  09/10/2023

<h2>Output:</h2>
*** Using Compiler 'V6.16', folder: 'C:\Keil_v5\ARM\ARMCLANG\Bin'
Rebuild target 'Demonstrate'
assembling startup_stm32l152xb.s...
compiling system_stm32l1xx.c...
compiling main.c...
compiling stm32l1xx_ll_utils.c...
compiling stm32l152_glass_lcd.c...
compiling stm32l1xx_ll_gpio.c...
compiling stm32l1xx_ll_rcc.c...
compiling stm32l1xx_ll_pwr.c...
compiling stm32l1xx_ll_lcd.c...
compiling stm32l1xx_ll_tim.c...
linking...
Program Size: Code=4760 RO-data=708 RW-data=28 ZI-data=1712  
".\Objects\STM32L152RB.axf" - 0 Error(s), 0 Warning(s).

<h2>Software Packages used:</h2>

Package Vendor: Keil
                http://www.keil.com/pack/Keil.STM32L1xx_DFP.1.4.1.pack
                Keil.STM32L1xx_DFP.1.4.1
                STMicroelectronics STM32L1 Series Device Support and Examples

<h2>Collection of Component include folders:</h2>
  D:\Microcontroller\Keil\STM32L1xx_DFP\1.4.1\Drivers\CMSIS\Device\ST\STM32L1xx\Include

<h2>Collection of Component Files used:</h2>
Build Time Elapsed:  00:00:04
</pre>
</body>
</html>
